02-28 13:55:02.436 I/ActivityManager( 1303): Deferring FGS notification in legacy app com.mumu.store/1000 : Notification(channel=store-download shortcut=null contentView=null vibrate=null sound=null defaults=0x0 flags=0x40 color=0xff6a1ceb vis=PRIVATE)
02-28 13:55:02.440 W/StorageManagerService( 1303): Reporting emulated;0 unmounted due to system locked
02-28 13:55:02.456 W/ContextImpl( 2045): Calling a method in the system process without a qualified user: android.app.ContextImpl.sendBroadcast:1181 android.content.ContextWrapper.sendBroadcast:479 fake.com.android.providers.downloads.DownloadService.onDestroy:53 android.app.ActivityThread.handleStopService:4829 android.app.ActivityThread.access$2200:260 
02-28 13:55:02.462 W/ActivityManager( 1303): Unable to start service Intent { act=android.service.carrier.CarrierService pkg=com.android.carrierconfig } U=0: not found
02-28 13:55:02.484 D/CompatibilityChangeReporter( 1303): Compat change id reported: 168419799; UID 10047; state: DISABLED
02-28 13:55:02.504 W/BroadcastQueue( 1303): Background execution not allowed: receiving Intent { act=android.telephony.action.CARRIER_CONFIG_CHANGED flg=0x14000010 (has extras) } to com.android.phone/.otasp.OtaspSimStateReceiver
02-28 13:55:02.504 W/BroadcastQueue( 1303): Background execution not allowed: receiving Intent { act=android.telephony.action.CARRIER_CONFIG_CHANGED flg=0x14000010 (has extras) } to com.android.phone/.vvm.VvmSimStateTracker
02-28 13:55:02.522 I/vold    ( 1060): Bind mounting //data/media/0/Android/data on /mnt/user/0/emulated/0/Android/data
02-28 13:55:02.523 I/vold    ( 1060): Bind mounted //data/media/0/Android/data on /mnt/user/0/emulated/0/Android/data
02-28 13:55:02.523 I/vold    ( 1060): Bind mounting //data/media/0/Android/obb on /mnt/user/0/emulated/0/Android/obb
02-28 13:55:02.523 I/vold    ( 1060): Bind mounted //data/media/0/Android/obb on /mnt/user/0/emulated/0/Android/obb
02-28 13:55:02.523 I/vold    ( 1060): Configuring read_ahead of /mnt/user/0/emulated fuse filesystem to 256kb
02-28 13:55:02.523 I/vold    ( 1060): Writing 256 to /sys/class/bdi/0:53/read_ahead_kb
02-28 13:55:02.523 I/vold    ( 1060): Configuring max_ratio of /mnt/user/0/emulated fuse filesystem to 40
02-28 13:55:02.523 I/vold    ( 1060): Writing 40 to /sys/class/bdi/0:53/max_ratio
02-28 13:55:02.523 I/vold    ( 1060): Bind mounting /mnt/shared/MuMuShared/Download on /mnt/pass_through/0/emulated/0/Download
02-28 13:55:02.524 I/vold    ( 1060): Bind mounted /mnt/shared/MuMuShared/Download on /mnt/pass_through/0/emulated/0/Download
02-28 13:55:02.524 I/vold    ( 1060): Bind mounting /mnt/shared/MuMuShared/Pictures on /mnt/pass_through/0/emulated/0/Pictures
02-28 13:55:02.524 I/vold    ( 1060): Bind mounted /mnt/shared/MuMuShared/Pictures on /mnt/pass_through/0/emulated/0/Pictures
02-28 13:55:02.524 I/vold    ( 1060): Bind mounting /mnt/shared/MuMuShared/Music on /mnt/pass_through/0/emulated/0/Music
02-28 13:55:02.524 I/vold    ( 1060): Bind mounted /mnt/shared/MuMuShared/Music on /mnt/pass_through/0/emulated/0/Music
02-28 13:55:02.524 I/vold    ( 1060): Bind mounting /mnt/shared/MuMuShared/Movies on /mnt/pass_through/0/emulated/0/Movies
02-28 13:55:02.524 I/vold    ( 1060): Bind mounted /mnt/shared/MuMuShared/Movies on /mnt/pass_through/0/emulated/0/Movies
02-28 13:55:02.524 I/vold    ( 1060): Bind mounting /mnt/shared/MuMuShared/Screenshots on /mnt/pass_through/0/emulated/0/Screenshots
02-28 13:55:02.524 I/vold    ( 1060): Bind mounted /mnt/shared/MuMuShared/Screenshots on /mnt/pass_through/0/emulated/0/Screenshots
02-28 13:55:02.525 I/vold    ( 1060): Bind mounting /mnt/shared/MuMuShared/Camera on /mnt/pass_through/0/emulated/0/DCIM/Camera/
02-28 13:55:02.525 I/vold    ( 1060): Bind mounted /mnt/shared/MuMuShared/Camera on /mnt/pass_through/0/emulated/0/DCIM/Camera/
02-28 13:55:02.525 I/vold    ( 1060): Bind mounting /mnt/shared/MuMuShared/Download on /mnt/user/0/emulated/0/Download
02-28 13:55:02.525 I/vold    ( 1060): Bind mounted /mnt/shared/MuMuShared/Download on /mnt/user/0/emulated/0/Download
02-28 13:55:02.525 I/vold    ( 1060): Bind mounting /mnt/shared/MuMuShared/Pictures on /mnt/user/0/emulated/0/Pictures
02-28 13:55:02.525 I/vold    ( 1060): Bind mounted /mnt/shared/MuMuShared/Pictures on /mnt/user/0/emulated/0/Pictures
02-28 13:55:02.525 I/vold    ( 1060): Bind mounting /mnt/shared/MuMuShared/Music on /mnt/user/0/emulated/0/Music
02-28 13:55:02.525 I/vold    ( 1060): Bind mounted /mnt/shared/MuMuShared/Music on /mnt/user/0/emulated/0/Music
02-28 13:55:02.525 I/vold    ( 1060): Bind mounting /mnt/shared/MuMuShared/Movies on /mnt/user/0/emulated/0/Movies
02-28 13:55:02.526 I/vold    ( 1060): Bind mounted /mnt/shared/MuMuShared/Movies on /mnt/user/0/emulated/0/Movies
02-28 13:55:02.526 I/vold    ( 1060): Bind mounting /mnt/shared/MuMuShared/Screenshots on /mnt/user/0/emulated/0/Screenshots
02-28 13:55:02.526 I/vold    ( 1060): Bind mounted /mnt/shared/MuMuShared/Screenshots on /mnt/user/0/emulated/0/Screenshots
02-28 13:55:02.531 I/vold    ( 1060): Bind mounting /mnt/shared/MuMuShared/Camera on /mnt/user/0/emulated/0/DCIM/Camera/
02-28 13:55:02.531 I/vold    ( 1060): Bind mounted /mnt/shared/MuMuShared/Camera on /mnt/user/0/emulated/0/DCIM/Camera/
02-28 13:55:02.531 I/StorageManagerService( 1303): Mounted volume VolumeInfo{emulated;0}:
02-28 13:55:02.531 I/StorageManagerService( 1303):     type=EMULATED diskId=null partGuid= mountFlags=PRIMARY|VISIBLE 
02-28 13:55:02.531 I/StorageManagerService( 1303):     mountUserId=0 state=CHECKING 
02-28 13:55:02.531 I/StorageManagerService( 1303):     fsType=null fsUuid=null fsLabel=null 
02-28 13:55:02.531 I/StorageManagerService( 1303):     path=/storage/emulated internalPath=/data/media 
02-28 13:55:02.531 I/StorageSessionController( 1303): Notifying volume state changed for session with id: emulated;0
02-28 13:55:02.531 W/vold    ( 1060): ignore the failure of setting attributes for /data/media/0/Android/data/com.mumu.acc/
02-28 13:55:02.531 W/vold    ( 1060): ignore the failure of setting attributes for /data/media/0/Android/data/com.mumu.acc/cache/
02-28 13:55:02.551 I/NativeHelper( 1303): www.luuzr.liaoluan use max number of library use abi:x86_64 index:0
02-28 13:55:02.552 W/PackageManager( 1303): findSupportedAbi x86_64
02-28 13:55:02.555 I/NativeHelper( 1303): www.luuzr.liaoluan use max number of library use abi:arm64-v8a index:0
02-28 13:55:02.555 W/PackageManager( 1303): findSupportedAbi arm64-v8a
02-28 13:55:02.555 I/NativeHelper( 1303): www.luuzr.liaoluan use max number of library use abi:x86 index:0
02-28 13:55:02.555 W/PackageManager( 1303): findSupportedAbi x86
02-28 13:55:02.555 I/NativeHelper( 1303): www.luuzr.liaoluan use max number of library use abi:armeabi-v7a index:0
02-28 13:55:02.555 W/PackageManager( 1303): findSupportedAbi armeabi-v7a
02-28 13:55:02.556 W/PackageManager( 1303): findSupportedAbi coast 5
02-28 13:55:02.556 I/StorageSessionController( 1303): Notifying volume state changed for session with id: emulated;0
02-28 13:55:02.564 I/StorageSessionController( 1303): Notifying volume state changed for session with id: emulated;0
02-28 13:55:02.568 D/CompatibilityChangeReporter( 1303): Compat change id reported: 168419799; UID 10039; state: DISABLED
02-28 13:55:02.574 D/StorageManagerService( 1303): Volume emulated;0 broadcasting mounted to UserHandle{0}
02-28 13:55:02.575 D/StorageManagerService( 1303): Volume emulated;0 broadcasting mounted to UserHandle{0}
02-28 13:55:02.581 D/CompatibilityChangeReporter( 1303): Compat change id reported: 149924527; UID 10039; state: ENABLED
02-28 13:55:02.582 D/CompatibilityChangeReporter( 1303): Compat change id reported: 132649864; UID 10039; state: DISABLED
02-28 13:55:02.586 I/ActivityManager( 1303): Force stopping www.luuzr.liaoluan appid=10041 user=0: pkg removed
02-28 13:55:02.588 I/ActivityManager( 1303): Force stopping www.luuzr.liaoluan appid=10041 user=0: pkg removed
02-28 13:55:02.593 W/ContextImpl( 2045): Calling a method in the system process without a qualified user: android.app.ContextImpl.sendBroadcast:1181 android.content.ContextWrapper.sendBroadcast:479 com.mumu.store.install.InstallService.l:20 com.mumu.store.install.InstallService.i:140 com.mumu.store.install.InstallService.j:22 
02-28 13:55:02.595 W/ContextImpl( 2045): Calling a method in the system process without a qualified user: android.app.ContextImpl.startService:1824 android.content.ContextWrapper.startService:774 com.mumu.store.install.InstallService.m:15 com.mumu.store.install.InstallService.i:201 com.mumu.store.install.InstallService.j:22 
02-28 13:55:02.600 D/CompatibilityChangeReporter( 1303): Compat change id reported: 168419799; UID 10041; state: DISABLED
02-28 13:55:02.603 D/CompanionDeviceManagerService( 1303): onPackageModified(packageName = www.luuzr.liaoluan)
02-28 13:55:02.603 W/ContextImpl( 2045): Calling a method in the system process without a qualified user: android.app.ContextImpl.sendBroadcast:1181 android.content.ContextWrapper.sendBroadcast:479 com.mumu.store.install.InstallService.onDestroy:36 android.app.ActivityThread.handleStopService:4829 android.app.ActivityThread.access$2200:260 
02-28 13:55:02.615 V/BackupManagerConstants( 1303): getFullBackupIntervalMilliseconds(...) returns 86400000
02-28 13:55:02.615 V/BackupManagerConstants( 1303): getFullBackupRequiredNetworkType(...) returns 2
02-28 13:55:02.615 V/BackupManagerConstants( 1303): getFullBackupRequireCharging(...) returns true
02-28 13:55:02.636 V/BackupManagerConstants( 1303): getKeyValueBackupIntervalMilliseconds(...) returns 14400000
02-28 13:55:02.636 V/BackupManagerConstants( 1303): getKeyValueBackupFuzzMilliseconds(...) returns 600000
02-28 13:55:02.636 V/BackupManagerConstants( 1303): getKeyValueBackupRequiredNetworkType(...) returns 1
02-28 13:55:02.636 V/BackupManagerConstants( 1303): getKeyValueBackupRequireCharging(...) returns true
02-28 13:55:02.636 V/KeyValueBackupJob( 1303): Scheduling k/v pass in 243 minutes
02-28 13:55:02.662 W/ContextImpl( 2045): Calling a method in the system process without a qualified user: android.app.ContextImpl.sendBroadcast:1181 android.content.ContextWrapper.sendBroadcast:479 com.mumu.store.base.z.g:335 com.mumu.store.base.z$a.b:10 com.mumu.store.base.z$a.onNext:3 
02-28 13:55:02.666 W/ContextImpl( 2045): Calling a method in the system process without a qualified user: android.app.ContextImpl.sendBroadcast:1181 android.content.ContextWrapper.sendBroadcast:479 com.mumu.store.search.k.c:31 y0.b$a.b:277 y0.b$a.onNext:3 
02-28 13:55:02.788 D/CompatibilityChangeReporter( 1303): Compat change id reported: 197654537; UID 10017; state: ENABLED
02-28 13:55:02.801 I/ActivityManager( 1303): Finished processing BOOT_COMPLETED for u0
02-28 13:55:02.804 W/ContextImpl( 2045): Calling a method in the system process without a qualified user: android.app.ContextImpl.sendBroadcast:1181 android.content.ContextWrapper.sendBroadcast:479 h0.d.t:74 h0.d.A:24 com.mumu.login_handler.LoginServerReceiver.f:20 
02-28 13:55:02.812 W/ContextImpl( 2045): Calling a method in the system process without a qualified user: android.app.ContextImpl.sendBroadcast:1181 android.content.ContextWrapper.sendBroadcast:479 h0.d.t:74 h0.d.A:24 com.mumu.login_handler.LoginServerReceiver.e:16 
02-28 13:55:02.815 W/ContextImpl( 2045): Calling a method in the system process without a qualified user: android.app.ContextImpl.sendBroadcast:1181 android.content.ContextWrapper.sendBroadcast:479 h0.d.t:74 h0.d.A:24 com.mumu.login_handler.LoginServerReceiver.f:20 
02-28 13:55:02.816 W/ContextImpl( 2045): Calling a method in the system process without a qualified user: android.app.ContextImpl.sendBroadcast:1181 android.content.ContextWrapper.sendBroadcast:479 h0.d.D:52 com.mumu.login_handler.LoginServerReceiver.d:13 com.mumu.login_handler.LoginServerReceiver.onReceive:193 
02-28 13:55:02.820 W/ContextImpl( 2045): Calling a method in the system process without a qualified user: android.app.ContextImpl.sendBroadcast:1181 android.content.ContextWrapper.sendBroadcast:479 h0.d.t:74 h0.d.A:24 com.mumu.login_handler.LoginServerReceiver.f:20 
02-28 13:55:02.821 W/ContextImpl( 2045): Calling a method in the system process without a qualified user: android.app.ContextImpl.sendBroadcast:1181 android.content.ContextWrapper.sendBroadcast:479 h0.d.D:52 com.mumu.login_handler.LoginServerReceiver.d:13 com.mumu.login_handler.LoginServerReceiver.onReceive:193 
02-28 13:55:02.822 W/BroadcastQueue( 1303): Background execution not allowed: receiving Intent { act=android.intent.action.SIM_STATE_CHANGED flg=0x4000010 (has extras) } to com.android.phone/.vvm.VvmSimStateTracker
02-28 13:55:02.822 W/BroadcastQueue( 1303): Background execution not allowed: receiving Intent { act=android.intent.action.SIM_STATE_CHANGED flg=0x4000010 (has extras) } to com.android.phone/.vvm.VvmSimStateTracker
02-28 13:55:02.822 W/BroadcastQueue( 1303): Background execution not allowed: receiving Intent { act=android.intent.action.SIM_STATE_CHANGED flg=0x4000010 (has extras) } to com.android.phone/.vvm.VvmSimStateTracker
02-28 13:55:02.824 D/CompatibilityChangeReporter( 1303): Compat change id reported: 135634846; UID 10019; state: DISABLED
02-28 13:55:02.824 D/CompatibilityChangeReporter( 1303): Compat change id reported: 177438394; UID 10019; state: DISABLED
02-28 13:55:02.824 D/CompatibilityChangeReporter( 1303): Compat change id reported: 135772972; UID 10019; state: DISABLED
02-28 13:55:02.824 D/CompatibilityChangeReporter( 1303): Compat change id reported: 135754954; UID 10019; state: ENABLED
02-28 13:55:02.824 D/CompatibilityChangeReporter( 1303): Compat change id reported: 143937733; UID 10019; state: ENABLED
02-28 13:55:02.828 I/ActivityManager( 1303): Start proc 2581:com.android.externalstorage/u0a19 for broadcast {com.android.externalstorage/com.android.externalstorage.MountReceiver}
02-28 13:55:02.865 D/CompatibilityChangeReporter( 1303): Compat change id reported: 168419799; UID 10019; state: DISABLED
02-28 13:55:02.883 E/RemotePrintSpooler( 1303): Error removing obsolete print jobs .
02-28 13:55:02.883 E/RemotePrintSpooler( 1303): java.util.concurrent.TimeoutException: Cannot get spooler!
02-28 13:55:02.883 E/RemotePrintSpooler( 1303): 	at com.android.server.print.RemotePrintSpooler.bindLocked(RemotePrintSpooler.java:636)
02-28 13:55:02.883 E/RemotePrintSpooler( 1303): 	at com.android.server.print.RemotePrintSpooler.getRemoteInstanceLazy(RemotePrintSpooler.java:596)
02-28 13:55:02.883 E/RemotePrintSpooler( 1303): 	at com.android.server.print.RemotePrintSpooler.removeObsoletePrintJobs(RemotePrintSpooler.java:533)
02-28 13:55:02.883 E/RemotePrintSpooler( 1303): 	at com.android.server.print.UserState.removeObsoletePrintJobs(UserState.java:218)
02-28 13:55:02.883 E/RemotePrintSpooler( 1303): 	at com.android.server.print.PrintManagerService$PrintManagerImpl$3.run(PrintManagerService.java:1002)
02-28 13:55:02.883 E/RemotePrintSpooler( 1303): 	at android.os.Handler.handleCallback(Handler.java:938)
02-28 13:55:02.883 E/RemotePrintSpooler( 1303): 	at android.os.Handler.dispatchMessage(Handler.java:99)
02-28 13:55:02.883 E/RemotePrintSpooler( 1303): 	at android.os.Looper.loopOnce(Looper.java:201)
02-28 13:55:02.883 E/RemotePrintSpooler( 1303): 	at android.os.Looper.loop(Looper.java:288)
02-28 13:55:02.883 E/RemotePrintSpooler( 1303): 	at android.os.HandlerThread.run(HandlerThread.java:67)
02-28 13:55:02.912 D/CompatibilityChangeReporter( 1303): Compat change id reported: 168419799; UID 10020; state: DISABLED
02-28 13:55:02.916 W/ContextImpl( 2045): Calling a method in the system process without a qualified user: android.app.ContextImpl.startForegroundService:1830 android.content.ContextWrapper.startForegroundService:779 android.content.ContextWrapper.startForegroundService:779 androidx.media3.common.util.m.a:1 fake.com.android.providers.downloads.DownloadReceiver.h:14 
02-28 13:55:02.928 W/ContextImpl( 2045): Calling a method in the system process without a qualified user: android.app.ContextImpl.sendBroadcast:1181 android.content.ContextWrapper.sendBroadcast:479 fake.com.android.providers.downloads.DownloadService.onDestroy:53 android.app.ActivityThread.handleStopService:4829 android.app.ActivityThread.access$2200:260 
02-28 13:55:02.929 W/ContextImpl( 2045): Calling a method in the system process without a qualified user: android.app.ContextImpl.startForegroundService:1830 android.content.ContextWrapper.startForegroundService:779 android.content.ContextWrapper.startForegroundService:779 androidx.media3.common.util.m.a:1 fake.com.android.providers.downloads.DownloadReceiver.h:14 
02-28 13:55:02.931 W/BroadcastQueue( 1303): Background execution not allowed: receiving Intent { act=android.intent.action.PACKAGE_REMOVED dat=package:www.luuzr.liaoluan flg=0x4000010 (has extras) } to com.android.gallery3d/.app.PackagesMonitor
02-28 13:55:02.933 W/BroadcastQueue( 1303): Background execution not allowed: receiving Intent { act=android.intent.action.PACKAGE_ADDED dat=package:www.luuzr.liaoluan flg=0x4000010 (has extras) } to com.android.packageinstaller/.PackageInstalledReceiver
02-28 13:55:02.933 W/BroadcastQueue( 1303): Background execution not allowed: receiving Intent { act=android.intent.action.PACKAGE_ADDED dat=package:www.luuzr.liaoluan flg=0x4000010 (has extras) } to com.android.gallery3d/.app.PackagesMonitor
02-28 13:55:02.933 W/BroadcastQueue( 1303): Background execution not allowed: receiving Intent { act=android.intent.action.PACKAGE_REPLACED dat=package:www.luuzr.liaoluan flg=0x4000010 (has extras) } to com.netease.nemu_vapi_android.nemu/com.netease.nemu_vapi_android.receiver.LaunchReceiver
02-28 13:55:02.939 W/RecentTaskMonitor( 1303): ACC Broadcast Recieved!
02-28 13:55:02.940 W/ContextImpl( 2045): Calling a method in the system process without a qualified user: android.app.ContextImpl.sendBroadcast:1181 android.content.ContextWrapper.sendBroadcast:479 h0.d.t:74 h0.d.A:24 com.mumu.login_handler.LoginServerReceiver.f:20 
02-28 13:55:02.943 W/ContextImpl( 2045): Calling a method in the system process without a qualified user: android.app.ContextImpl.sendBroadcast:1181 android.content.ContextWrapper.sendBroadcast:479 fake.com.android.providers.downloads.DownloadService.onDestroy:53 android.app.ActivityThread.handleStopService:4829 android.app.ActivityThread.access$2200:260 
02-28 13:55:02.947 E/StatsPullAtomService( 1303): subInfo of subId 1 is invalid, ignored.
02-28 13:55:02.948 E/StatsPullAtomService( 1303): subInfo of subId 1 is invalid, ignored.
02-28 13:55:02.948 E/StatsPullAtomService( 1303): subInfo of subId 1 is invalid, ignored.
02-28 13:55:02.949 E/StatsPullAtomService( 1303): subInfo of subId 1 is invalid, ignored.
02-28 13:55:02.950 E/StatsPullAtomService( 1303): subInfo of subId 1 is invalid, ignored.
02-28 13:55:02.962 W/TextServicesManagerService( 1303): no available spell checker services found
02-28 13:55:02.963 W/VoiceInteractionManager( 1303): no available voice recognition services found for user 0
02-28 13:55:03.122 I/NotificationService( 1303): Cannot find enqueued record for key: 0|com.mumu.store|2147483647|null|1000
02-28 13:55:03.135 I/NotificationService( 1303): Cannot find enqueued record for key: 0|com.mumu.store|2147483647|null|1000
02-28 13:55:03.270 I/ApkIoPrefetch( 1303): config filename: /system/etc/mumu-configs/prefetch.config
02-28 13:55:03.272 I/ApkIoPrefetch( 1303): initPrefetchConfig: true
02-28 13:55:03.906 I/BackupManagerService( 1303): [UserID:0] Found 9 stale backup journal(s), scheduling.
02-28 13:55:03.909 I/BackupManagerService( 1303): [UserID:0] Stale backup journals: Scheduled 6 package(s) total
02-28 13:55:07.174 D/CompatibilityChangeReporter( 1303): Compat change id reported: 168419799; UID 10018; state: DISABLED
02-28 13:55:08.775 D/PackageSettings( 1303): save abi select file last modified time: 1772101750000
02-28 13:55:10.686 W/OverlayManager( 1303): service 'idmap' died
02-28 13:55:17.037 I/ActivityManager( 1303): Waited long enough for: ServiceRecord{aa6c335 u0 com.android.phone/.TelephonyDebugService}
02-28 13:55:17.152 I/ActivityManager( 1303): Waited long enough for: ServiceRecord{8895c4e u0 com.android.phone/com.android.services.telephony.sip.components.TelephonySipService}
02-28 13:55:26.673 I/ActivityTaskManager( 1303): START u0 {act=android.intent.action.MAIN cat=[android.intent.category.LAUNCHER] flg=0x10200000 cmp=www.luuzr.liaoluan/.MainActivity bnds=[720,812][1063,1086]} from uid 10017, pid 1579
02-28 13:55:26.679 I/ActivityTaskManager( 1303): [KeepAlive] disabled for www.luuzr.liaoluan
02-28 13:55:26.679 W/ActivityTaskManager( 1303): Can't find TaskDisplayArea to determine support for multi window. Task id=20 attached=false
02-28 13:55:26.684 D/CompatibilityChangeReporter( 1303): Compat change id reported: 174042980; UID 10041; state: DISABLED
02-28 13:55:26.684 D/CompatibilityChangeReporter( 1303): Compat change id reported: 184838306; UID 10041; state: DISABLED
02-28 13:55:26.684 D/CompatibilityChangeReporter( 1303): Compat change id reported: 185004937; UID 10041; state: DISABLED
02-28 13:55:26.685 D/CompatibilityChangeReporter( 1303): Compat change id reported: 181136395; UID 10041; state: DISABLED
02-28 13:55:26.685 D/CompatibilityChangeReporter( 1303): Compat change id reported: 174042936; UID 10041; state: DISABLED
02-28 13:55:26.688 D/CompatibilityChangeReporter( 1303): Compat change id reported: 197654537; UID 10041; state: ENABLED
02-28 13:55:26.695 D/CompatibilityChangeReporter( 1303): Compat change id reported: 135634846; UID 10041; state: DISABLED
02-28 13:55:26.699 D/CompatibilityChangeReporter( 1303): Compat change id reported: 143937733; UID 10041; state: ENABLED
02-28 13:55:26.710 I/ActivityManager( 1303): Start proc 2670:www.luuzr.liaoluan/u0a41 for pre-top-activity {www.luuzr.liaoluan/www.luuzr.liaoluan.MainActivity}
02-28 13:55:26.746 W/OomAdjuster( 1303): Fallback pre-set sched group to default: not expected top priority
02-28 13:55:26.754 D/RecentTaskMonitor( 1303): onTaskFocusChanged [FALSE] 2
02-28 13:55:26.754 D/RecentTaskMonitor( 1303): onTaskFocusChanged [TRUE] 20 ignoreTFC false
02-28 13:55:26.784 D/RecentTaskMonitor( 1303): task null or not sub display in notifyDisplayOpened
02-28 13:55:26.784 D/RecentTaskMonitor( 1303): VAddressShellNotifier#notifyOpenTab :{"uri":"player\/tab","need_response":false,"params":{"id":"task:20","displayId":0,"userId":0,"name":"缂贡","originName":"缂贡","packageName":"www.luuzr.liaoluan","launcher":false,"newTask":true,"icon":"iVBORw0KGgoAAAANSUhEUgAAABgAAAAYCAYAAADgdz34AAAAAXNSR0IArs4c6QAAAARzQklUCAgICHwIZIgAAAWdSURBVEiJZZZLU1zHFcd\/fV\/zuncGMQMIZhQhyUIioXA5QgHZVTGKzEbgTbxkGy\/tL2DZnyNeRN5I+7gUXClnIexUFFvagCQjsHgMz3mBGIaBO\/fO3NtZzMxlVOlNn+4+fU6fPuf\/7xaeV68CugRAAgKQCGjNnElnawLZGjdlv7VC0DebQDT8uoMvjU4Tb2vJQPmteQFICUI0B1J26ItA0jrcBfsLuTzhSBhd04nFYti1GoVCHk3VSKfTCCFajpq9RLK7swNCMNDfj1BEELfSXD7znsvtsb2zTcgIUSyVyOdzeF6D77\/\/F6Zlsb9\/wMLCAvV6HSGU4LRCUcikL1A+KgfGWw4IJmo1h\/n5Hxm+fp3797\/Ba3h4ns\/cP+b49C+fousauq6RTmcolfbJ5XKAj0BgmXF836P7XJKlpaV2BhANz3WklIYA\/nb\/G2amp9nIZnlzcEAiEWdl5VcikQg3b95kY2ODRCLBxcFBNFWjWCzS09OD7\/t4vsdxpULMNEkPpJtlIFoRIARHRxUGLw7y8peXbG9ts7q2ytjYGENDQ0xNTTE\/P0+pVGJk5Hf09fZhWRa6ruE4NZ49e0ayO0n56IiBgXSQ97euKJFIoCiCzewWa+urfP7Z59i2zdraGienNleuvMPs7CyVyjE7O1tUKsdEIlG+uHeP6ZkZXrx4wfgfxnn1agkQSNnKTcNzHcDY290jHrcwzTi7uztUq1XS6Qy53C6uW2do6Cpr6xt4jQaO4xKJhunrPc+T\/z7h45mPyRfypJJJFEVBEUqzcIRoXRHg1l1M08S2TykUikgJqirY3d3luFqlXC6TSib56eefGB0d5fLlKzx58h+mPppCSkkoZACCU\/sUt1E\/A6XnuY4Ew3UcQiGD7777J6meHrIb65hmnOHh69z78ktuTUyQzqSZvjuNYYQQQrB\/sE8iHqfheTx69IiZmRmKhQLxRBzLNNE0Ha0dgW3bqKpGJBIFKZmcvI1pWhweHjA19RG3J\/9EMtlNyAg1ESObJGLbNR4+fMCdO3d4\/PgxH7z\/PgiBEE060QKI+ZJK5YirV9+hv78fVW36LpfLjIyMkMlkUFUV2UJ73a1zcnLC06fz9PX18ebNIdeGhrAsi3whj2XGQLbLVEpqrXKr1WqoigYICoUCpmkydmMMVdPOUAu8Xn2Nrhv09KZ4773f47oOly9f4tS2qVQqCEVBCIHSRrHvS0zT4ty5LhpenW+\/\/Tu+7xO3rIDHRIvTVlaWCRkGh4dvmBifwIpbpHpSzM\/\/wPbWNhcu\/AZkk4AU2drpug7jE+NUqyesr68zPTPN+f7zSGQTOEiklPi+RyQSol53GR7+LYYRJhqJ0tfby\/LyK35Zekk0Gg7YVhOthEnA93yKxSJjY2Ps7e3R09OLrutnrCkltm0zMJBG0\/QWXcPi4iKarnLr1gfk87lAP0ByM8k++XyOTGaAubk5kqkka+urrWoA3\/ewa6eEw2EcxyWbzeJLj+fPn3Nj7Ab95wd48PABk7c\/pFQq0fagtGndMAwSiS42N7fxPY+V5RWe\/vyUw\/IhpWIRIRSOK8douk40GuPixUEURWN0dBQhFH789w989dU9FEUjGokFeQsiaDQ8wpEwCwsL\/HHyQyqVCp988me6urpIpbopFPLEzBinJ1V+fb2MlH7A+V9\/\/Vfu3r2LZcZRhMrq2uvmowRtoAkGLw2SzW5yemqT29sjEo0SjcXYzGZJJBIkU9006h6O4zI4eAkEbG1tUtrfZ3Z2lljMJJ\/Po+s6746+2774M7LrfDoXFxdRVZXh4eEAcCDZ3tmh7rpEImGqJyfELYu+vn6klCwvv+LatWsoSpPo2ogRDc9xkMKgo0khO549AbLjte\/8PnT+OGSrlM9Mg5BoIDoOL9\/WD6x1fCWk7FD9\/49Kp+xLyf8AglePsoRtT6IAAAAASUVORK5CYII=","canChangeAppOrientation":false,"canReceiveFile":false,"pid":2670,"uid":10041,"action":"open"}}
02-28 13:55:27.291 W/NotificationHistory( 1303): Attempted to remove channel for locked/gone/disabled user 0
02-28 13:55:27.291 W/NotificationHistory( 1303): Attempted to remove channel for locked/gone/disabled user 0
02-28 13:55:27.474 I/RecentTaskMonitor( 1303): broadcast tab opened in android as it's new task1 20
02-28 13:55:27.477 W/ContextImpl( 1454): Calling a method in the system process without a qualified user: android.app.ContextImpl.sendBroadcast:1181 android.content.ContextWrapper.sendBroadcast:479 com.netease.nemu_vapi_android.thread.NewFileUpdater.notifyFocusedTabChanged:499 com.netease.nemu_vapi_android.thread.NewFileUpdater.onOpenNewTask:421 com.netease.nemu_vapi_android.worker.LocalAppManager.updateOnNewTask:259 
02-28 13:55:27.477 I/ActivityManager( 1303): Background started FGS: Allowed [callingPackage: com.mumu.acc; callingUid: 10014; uidState: LAST; intent: Intent { act=nemu.intent.action.NEW_TASK dat=package:www.luuzr.liaoluan cmp=com.mumu.acc/.AccService (has extras) }; code:SYSTEM_ALERT_WINDOW_PERMISSION; tempAllowListReason:<null>; targetSdkVersion:33; callerTargetSdkVersion:33; startForegroundCount:0; bindFromPackage:null]
02-28 13:55:27.479 D/CompatibilityChangeReporter( 1303): Compat change id reported: 168419799; UID 10014; state: DISABLED
02-28 13:55:27.479 W/ContextImpl( 1454): Calling a method in the system process without a qualified user: android.app.ContextImpl.sendBroadcast:1181 android.content.ContextWrapper.sendBroadcast:479 com.netease.nemu_vapi_android.thread.NewFileUpdater.notifyFocusedTabChanged:504 com.netease.nemu_vapi_android.thread.NewFileUpdater.onOpenNewTask:421 com.netease.nemu_vapi_android.worker.LocalAppManager.updateOnNewTask:259 
02-28 13:55:27.483 W/ActivityManager( 1303): Foreground service started from background can not have location/camera/microphone access: service com.mumu.acc/.AccService
02-28 13:55:27.483 V/ActivityManager( 1303): Attempted to start a foreground service (com.mumu.acc/.AccService) with a broken notification (no icon: Notification(channel=acc-service shortcut=null contentView=null vibrate=null sound=null defaults=0x0 flags=0x40 color=0x00000000 vis=PRIVATE))
02-28 13:55:27.486 W/ActivityManager( 1303): Foreground service started from background can not have location/camera/microphone access: service com.mumu.acc/.AccService
02-28 13:55:27.487 V/ActivityManager( 1303): Attempted to start a foreground service (com.mumu.acc/.AccService) with a broken notification (no icon: Notification(channel=acc-service shortcut=null contentView=null vibrate=null sound=null defaults=0x0 flags=0x40 color=0x00000000 vis=PRIVATE))
02-28 13:55:27.887 D/CompatibilityChangeReporter( 1303): Compat change id reported: 171306433; UID 10041; state: ENABLED
02-28 13:55:29.058 D/CompatibilityChangeReporter( 1303): Compat change id reported: 168419799; UID 10040; state: DISABLED
02-28 13:55:29.059 D/IntervalStats( 1303): Unable to parse usage stats packages: [40]
02-28 13:55:29.059 D/IntervalStats( 1303): Unable to parse event packages: [40]
02-28 13:55:29.693 E/TaskPersister( 1303): File error accessing recents directory (directory doesn't exist?).
02-28 13:55:59.294 D/CompatibilityChangeReporter( 1303): Compat change id reported: 168419799; UID 10038; state: DISABLED
02-28 13:56:21.825 W/ActivityManager( 1303): Stopping service due to app idle: 1001 -1m19s789ms com.android.phone/.TelephonyDebugService
02-28 13:56:21.825 W/ActivityManager( 1303): Stopping service due to app idle: 1001 -1m19s674ms com.android.phone/com.android.services.telephony.sip.components.TelephonySipService
02-28 13:56:30.025 V/DisplayPowerController[0]( 1303): Brightness [0.05] reason changing to: 'manual [ dim ]', previous reason: 'manual'.
02-28 13:56:30.030 E/DisplayDeviceConfig( 1303): requesting nits when no mapping exists.
02-28 13:56:30.030 E/DisplayDeviceConfig( 1303): requesting nits when no mapping exists.
02-28 13:56:30.031 I/DropBoxManagerService( 1303): add tag=system_server_wtf isTagEnabled=true flags=0x2
02-28 13:56:30.032 I/DropBoxManagerService( 1303): add tag=system_server_wtf isTagEnabled=true flags=0x2
02-28 13:56:30.038 E/DisplayDeviceConfig( 1303): requesting nits when no mapping exists.
02-28 13:56:30.038 E/DisplayDeviceConfig( 1303): requesting nits when no mapping exists.
02-28 13:56:30.039 I/DropBoxManagerService( 1303): add tag=system_server_wtf isTagEnabled=true flags=0x2
02-28 13:56:30.039 I/DropBoxManagerService( 1303): add tag=system_server_wtf isTagEnabled=true flags=0x2
02-28 13:56:30.047 E/DisplayDeviceConfig( 1303): requesting nits when no mapping exists.
02-28 13:56:30.047 E/DisplayDeviceConfig( 1303): requesting nits when no mapping exists.
02-28 13:56:30.047 I/DropBoxManagerService( 1303): add tag=system_server_wtf isTagEnabled=true flags=0x2
02-28 13:56:30.055 E/DisplayDeviceConfig( 1303): requesting nits when no mapping exists.
02-28 13:56:30.055 E/DisplayDeviceConfig( 1303): requesting nits when no mapping exists.
02-28 13:56:30.063 E/DisplayDeviceConfig( 1303): requesting nits when no mapping exists.
02-28 13:56:30.063 E/DisplayDeviceConfig( 1303): requesting nits when no mapping exists.
02-28 13:56:30.071 E/DisplayDeviceConfig( 1303): requesting nits when no mapping exists.
02-28 13:56:30.071 E/DisplayDeviceConfig( 1303): requesting nits when no mapping exists.
02-28 13:56:30.080 E/DisplayDeviceConfig( 1303): requesting nits when no mapping exists.
02-28 13:56:30.080 E/DisplayDeviceConfig( 1303): requesting nits when no mapping exists.
02-28 13:56:30.088 E/DisplayDeviceConfig( 1303): requesting nits when no mapping exists.
02-28 13:56:30.088 E/DisplayDeviceConfig( 1303): requesting nits when no mapping exists.
02-28 13:56:30.096 E/DisplayDeviceConfig( 1303): requesting nits when no mapping exists.
02-28 13:56:30.096 E/DisplayDeviceConfig( 1303): requesting nits when no mapping exists.
02-28 13:56:30.104 E/DisplayDeviceConfig( 1303): requesting nits when no mapping exists.
02-28 13:56:30.105 E/DisplayDeviceConfig( 1303): requesting nits when no mapping exists.
02-28 13:56:30.113 E/DisplayDeviceConfig( 1303): requesting nits when no mapping exists.
02-28 13:56:30.113 E/DisplayDeviceConfig( 1303): requesting nits when no mapping exists.
02-28 13:56:30.121 E/DisplayDeviceConfig( 1303): requesting nits when no mapping exists.
02-28 13:56:30.121 E/DisplayDeviceConfig( 1303): requesting nits when no mapping exists.
02-28 13:56:30.130 E/DisplayDeviceConfig( 1303): requesting nits when no mapping exists.
02-28 13:56:30.130 E/DisplayDeviceConfig( 1303): requesting nits when no mapping exists.
02-28 13:56:30.138 E/DisplayDeviceConfig( 1303): requesting nits when no mapping exists.
02-28 13:56:30.138 E/DisplayDeviceConfig( 1303): requesting nits when no mapping exists.
02-28 13:56:30.146 E/DisplayDeviceConfig( 1303): requesting nits when no mapping exists.
02-28 13:56:30.146 E/DisplayDeviceConfig( 1303): requesting nits when no mapping exists.
02-28 13:56:30.154 E/DisplayDeviceConfig( 1303): requesting nits when no mapping exists.
02-28 13:56:30.154 E/DisplayDeviceConfig( 1303): requesting nits when no mapping exists.
02-28 13:56:30.162 E/DisplayDeviceConfig( 1303): requesting nits when no mapping exists.
02-28 13:56:30.163 E/DisplayDeviceConfig( 1303): requesting nits when no mapping exists.
02-28 13:56:30.171 E/DisplayDeviceConfig( 1303): requesting nits when no mapping exists.
02-28 13:56:30.171 E/DisplayDeviceConfig( 1303): requesting nits when no mapping exists.
02-28 13:56:30.179 E/DisplayDeviceConfig( 1303): requesting nits when no mapping exists.
02-28 13:56:30.179 E/DisplayDeviceConfig( 1303): requesting nits when no mapping exists.
02-28 13:56:30.187 E/DisplayDeviceConfig( 1303): requesting nits when no mapping exists.
02-28 13:56:30.187 E/DisplayDeviceConfig( 1303): requesting nits when no mapping exists.
02-28 13:56:30.195 E/DisplayDeviceConfig( 1303): requesting nits when no mapping exists.
02-28 13:56:30.196 E/DisplayDeviceConfig( 1303): requesting nits when no mapping exists.
02-28 13:56:30.204 E/DisplayDeviceConfig( 1303): requesting nits when no mapping exists.
02-28 13:56:30.204 E/DisplayDeviceConfig( 1303): requesting nits when no mapping exists.
02-28 13:56:30.212 E/DisplayDeviceConfig( 1303): requesting nits when no mapping exists.
02-28 13:56:30.212 E/DisplayDeviceConfig( 1303): requesting nits when no mapping exists.
02-28 13:56:30.221 E/DisplayDeviceConfig( 1303): requesting nits when no mapping exists.
02-28 13:56:30.221 E/DisplayDeviceConfig( 1303): requesting nits when no mapping exists.
02-28 13:56:30.228 E/DisplayDeviceConfig( 1303): requesting nits when no mapping exists.
02-28 13:56:30.229 E/DisplayDeviceConfig( 1303): requesting nits when no mapping exists.
02-28 13:56:30.237 E/DisplayDeviceConfig( 1303): requesting nits when no mapping exists.
02-28 13:56:30.237 E/DisplayDeviceConfig( 1303): requesting nits when no mapping exists.
02-28 13:56:30.245 E/DisplayDeviceConfig( 1303): requesting nits when no mapping exists.
02-28 13:56:30.245 E/DisplayDeviceConfig( 1303): requesting nits when no mapping exists.
02-28 13:56:30.254 E/DisplayDeviceConfig( 1303): requesting nits when no mapping exists.
02-28 13:56:30.254 E/DisplayDeviceConfig( 1303): requesting nits when no mapping exists.
02-28 13:56:30.261 E/DisplayDeviceConfig( 1303): requesting nits when no mapping exists.
02-28 13:56:30.262 E/DisplayDeviceConfig( 1303): requesting nits when no mapping exists.
02-28 13:56:30.270 E/DisplayDeviceConfig( 1303): requesting nits when no mapping exists.
02-28 13:56:30.270 E/DisplayDeviceConfig( 1303): requesting nits when no mapping exists.
02-28 13:56:30.278 E/DisplayDeviceConfig( 1303): requesting nits when no mapping exists.
02-28 13:56:30.278 E/DisplayDeviceConfig( 1303): requesting nits when no mapping exists.
02-28 13:57:57.643 W/KernelCpuProcStringReader( 1303): File not found. It's normal if not implemented: /proc/uid_time_in_state
02-28 13:57:57.643 W/KernelCpuProcStringReader( 1303): File not found. It's normal if not implemented: /proc/uid_concurrent_active_time
02-28 13:57:57.643 W/KernelCpuProcStringReader( 1303): File not found. It's normal if not implemented: /proc/uid_concurrent_policy_time
02-28 13:59:57.642 W/KernelCpuProcStringReader( 1303): File not found. It's normal if not implemented: /proc/uid_time_in_state
02-28 13:59:57.642 W/KernelCpuProcStringReader( 1303): File not found. It's normal if not implemented: /proc/uid_concurrent_active_time
02-28 13:59:57.642 W/KernelCpuProcStringReader( 1303): File not found. It's normal if not implemented: /proc/uid_concurrent_policy_time
02-28 14:01:24.280 W/ContextImpl( 1454): Calling a method in the system process without a qualified user: android.app.ContextImpl.startService:1824 android.content.ContextWrapper.startService:774 com.netease.nemu_vapi_android.resource.AppsManager.onInstallByRemoteInstallService:464 com.netease.nemu_vapi_android.resource.AppsManager.dispatchApkInstall:425 com.netease.nemu_vapi_android.resource.AppsManager.onAppsPost:360 
02-28 14:01:24.281 W/ContextImpl( 2045): Calling a method in the system process without a qualified user: android.app.ContextImpl.sendBroadcast:1181 android.content.ContextWrapper.sendBroadcast:479 com.mumu.store.util.u.b:70 com.mumu.store.install.InstallLocalApkService$k.invokeSuspend:149 kotlin.coroutines.jvm.internal.a.resumeWith:12 
02-28 14:01:24.285 W/ContextImpl( 2045): Calling a method in the system process without a qualified user: android.app.ContextImpl.startActivity:1063 android.content.ContextWrapper.startActivity:411 e0.a.a:28 e0.a.b:6 com.mumu.store.install.InstallLocalApkService.n:209 
02-28 14:01:24.285 W/ContextImpl( 2045): Calling a method in the system process without a qualified user: android.app.ContextImpl.startActivity:1075 android.app.ContextImpl.startActivity:1064 android.content.ContextWrapper.startActivity:411 e0.a.a:28 e0.a.b:6 
02-28 14:01:24.287 I/ActivityTaskManager( 1303): START u0 {act=android.intent.action.MAIN cat=[android.intent.category.HOME] flg=0x10000000 cmp=app.lawnchair/.LawnchairLauncher (has extras)} from uid 1000, pid 2045
02-28 14:01:24.288 I/ActivityTaskManager( 1303): [KeepAlive] disabled for app.lawnchair
02-28 14:01:24.290 D/RecentTaskMonitor( 1303): onTaskFocusChanged [FALSE] 20
02-28 14:01:24.290 D/RecentTaskMonitor( 1303): onTaskFocusChanged [TRUE] 2 ignoreTFC false
02-28 14:01:24.291 D/CompatibilityChangeReporter( 1303): Compat change id reported: 168419799; UID 10017; state: DISABLED
02-28 14:01:24.300 W/ActivityManager( 1303): Unable to start service Intent { act=com.android.launcher3.WINDOW_OVERLAY dat=app://app.lawnchair:10017?v=7&cv=9 pkg=com.google.android.googlequicksearchbox } U=0: not found
02-28 14:01:24.305 D/RecentTaskMonitor( 1303): task null or not sub display in notifyDisplayOpened
02-28 14:01:24.305 D/RecentTaskMonitor( 1303): VAddressShellNotifier#notifyOpenTab :{"uri":"player\/tab","need_response":false,"params":{"id":"task:2","displayId":0,"userId":0,"name":"Lawnchair","originName":"Lawnchair","packageName":"app.lawnchair","launcher":true,"newTask":false,"icon":"iVBORw0KGgoAAAANSUhEUgAAABgAAAAYCAYAAADgdz34AAAAAXNSR0IArs4c6QAAAARzQklUCAgICHwIZIgAAARLSURBVEiJdZZdiFVVFMd\/a599zowzY+Ok42iZoyX4VWqMg1ARI0mZZTGQSA8SFD1YD4VCEPRF9FBI9WYQCUYvRUKRJGkWKFiMRQSFUjLq1KTpXGfo6v085+zVwzn3nHvHccE5d5+91+d\/rbXXlY37dUAdn6C6UslJ0w9NX42z6d+gDPV9wbb+vayeM0KhtoAjF7bz2djzlwvVW56SjR+58wr9mXBDebOBpv0WQyi7V7zA8G37kkPJhRV47NjZK1bjRHly2KoQzbaziJB8fedNI2yd\/zGEtFIqt2PRnrlWHTPTDBFMx2lZ+6\/YOIJ4ZhUPzD2Abdag1y1uYCwNybpq4n0WXRMEAj1ymTwCTTavU6gzG1YH5WpHCo+2yqc0du0ODA5wqbAjCdcp29fBi\/dDu033Ux7VfP1LYQO1elsiEwMRicEQiJQD53Y0GWgwOdBY6aTC8F3w0sbEO3XJ01AuThivLmfL0W+hDoSaKk9+T15Yz6fjO7GNBLWUo1P2\/xgzOygxPNhJPYZ3jkDUDCdgxKcoK3jixGHu6f6GLu8\/QvX5o7SOE8UtmKADq40KaCo\/EGqRz9uHKnimzOPrOxFV3j0KlXoDcgEM1rYxFg5w9tIa1DlAEM\/i2QAjNk2ygLSUq8GIj\/WFt74qU646nrxvNu1WeeVLRVVSNwTEYq3BmADVJNMiAmJAJc1BnOObYa0GEYtnZ7H3+4iRM1WGlsNrj4InCc+Sm5VXH4FdmwwGDyMWIx6iHuIEHNyw0ZISNRjjs7RXWNPvU3EhD672MQL\/TF1l23qfwAZ893uIxj6IpFjnOW1ttKaCD7uLVBePEw+e4r0FW5nlGZ4dPchzcwbYtKqfYtVwcnKMnYf\/JiispN31IeJd52SWZBVH7daLlFadprbwEnFnGRQO9gwzz5tFGEe80TfEtXKJnwujDPYuY6ISUhk6TTH4ExN10HZxAZ2nVtD212KITRKBElNbNE5xw0+EvROZ5S71+bB7M2v93iTtxnAmnOSDyR84EV7gfR5m27y1eG2Wl68dp+SVqC4ZpbpkFG+yh5tGBmk\/txQ7Mfw50fxEsaQQicLTnXdzb7AIgPPlAg\/9tpdKl4XAYgKfXRNfE8cR2\/sGmNQKb149njnneiaY2nwIb2oONp73L+JaG02c0l6uczw6w77CCMeqZ6EnwAQealOcxfL61FGuhFfpautAogg1+fUugOueQG4f35NdbY36xjm0UkfDGPEN+B5YA8aQsEjSVPUIrYXgGaQ9AE9abnRFseKiRlEmjZMeEAjie+AljaPiUFWMaqYAC2oalRODSyMQEE2mmhUXJhtNZSokjZhFhkNUcx5p5EsRIY3K5be209QIWDRG0hE3bRzkq6YE5Y7k3dQ6ZzQ1khi2QnRRHAvTBswMNc\/gnG48\/hrJzQePIipF6+LoGU9kH04XCjmHpOAkUEj2r0HJy3l6rJkvifclh9v9P4x6KJEoUz3IAAAAAElFTkSuQmCC","canChangeAppOrientation":false,"canReceiveFile":false,"pid":1579,"uid":10017,"action":"open"}}
02-28 14:01:24.611 W/ContextImpl( 2045): Calling a method in the system process without a qualified user: android.app.ContextImpl.sendBroadcast:1181 android.content.ContextWrapper.sendBroadcast:479 com.mumu.store.util.u.k:66 com.mumu.store.util.u.n:4 com.mumu.store.util.u.g:49 
02-28 14:01:24.614 W/ContextImpl( 2045): Calling a method in the system process without a qualified user: android.app.ContextImpl.sendBroadcast:1181 android.content.ContextWrapper.sendBroadcast:479 com.mumu.store.util.u.k:66 com.mumu.store.util.u.n:4 com.mumu.store.util.u.g:49 
02-28 14:01:24.614 W/ContextImpl( 2045): Calling a method in the system process without a qualified user: android.app.ContextImpl.startService:1824 android.content.ContextWrapper.startService:774 com.mumu.store.install.k.c:70 p0.g.k0:29 p0.g.w:1 
02-28 14:01:24.617 W/ContextImpl( 2045): Calling a method in the system process without a qualified user: android.app.ContextImpl.sendBroadcast:1181 android.content.ContextWrapper.sendBroadcast:479 com.mumu.store.util.u.k:66 com.mumu.store.util.u.l:106 com.mumu.store.util.u.g:41 
02-28 14:01:24.617 W/ContextImpl( 2045): Calling a method in the system process without a qualified user: android.app.ContextImpl.sendBroadcast:1181 android.content.ContextWrapper.sendBroadcast:479 com.mumu.store.install.InstallService.l:20 com.mumu.store.install.InstallService.i:33 com.mumu.store.install.InstallService.j:22 
02-28 14:01:24.617 W/ContextImpl( 2045): Calling a method in the system process without a qualified user: android.app.ContextImpl.sendBroadcast:1181 android.content.ContextWrapper.sendBroadcast:479 com.mumu.store.util.u.k:66 com.mumu.store.util.u.l:106 com.mumu.store.util.u.g:41 
02-28 14:01:24.641 I/NativeHelper( 1303): www.luuzr.liaoluan use max number of library use abi:x86_64 index:0
02-28 14:01:24.774 I/NativeHelper( 1303): www.luuzr.liaoluan use max number of library use abi:x86_64 index:0
02-28 14:01:24.775 I/NativeHelper( 1303): www.luuzr.liaoluan use max number of library use abi:x86_64 index:0
02-28 14:01:24.776 I/NativeHelper( 1303): www.luuzr.liaoluan use max number of library use abi:x86_64 index:0
02-28 14:01:24.779 I/NativeHelper( 1303): www.luuzr.liaoluan use max number of library use abi:x86_64 index:0
02-28 14:01:24.780 I/ActivityManager( 1303): Force stopping www.luuzr.liaoluan appid=10041 user=-1: installPackageLI
02-28 14:01:24.780 D/PackageSettings( 1303): is current abi select file newer than recorded? current modified time:1772101750000, last modified time: 1772101750000
02-28 14:01:24.780 D/PackageManager( 1303): no need to check whether in the config or not as current abi select file is not newer
02-28 14:01:24.781 I/PackageManager( 1303): Update package www.luuzr.liaoluan code path from /data/app/~~8hH_QFt6Xb92BqwBTww1EA==/www.luuzr.liaoluan-Ve_fy2Tki9vEaMTjzOI2_Q== to /data/app/~~2uUtDWbDKxVH87pARLTbNQ==/www.luuzr.liaoluan-C9B9U6k9bzSkMYqpjOG4HQ==; Retain data and using new
02-28 14:01:24.781 I/ActivityManager( 1303): Killing 2670:www.luuzr.liaoluan/u0a41 (adj 700): stop www.luuzr.liaoluan due to installPackageLI
02-28 14:01:24.782 W/ActivityTaskManager( 1303): Force removing ActivityRecord{a596670 u0 www.luuzr.liaoluan/.MainActivity t20 f}}: app died, no saved state
02-28 14:01:24.783 I/PackageManager( 1303): Permission ownership changed. Updating all permissions.
02-28 14:01:24.785 D/RecentTaskMonitor( 1303): VAddressShellNotifier#notifyCloseTab :{"uri":"player\/tab","need_response":false,"params":{"id":"task:20","action":"close"}}
02-28 14:01:24.785 W/ActivityTaskManager( 1303): Can't find TaskDisplayArea to determine support for multi window. Task id=20 attached=false
02-28 14:01:24.785 W/ActivityTaskManager( 1303): Can't find TaskDisplayArea to determine support for multi window. Task id=20 attached=false
02-28 14:01:24.796 D/PackageSettings( 1303): save abi select file last modified time: 1772101750000
02-28 14:01:24.804 W/UsageStatsService( 1303): Unexpected activity event reported! (www.luuzr.liaoluan/www.luuzr.liaoluan.MainActivity event : 23 instanceId : 64600599)
02-28 14:01:24.804 I/RecentTaskMonitor( 1303): broadcast tab closed in android as it's closed task taskId: 20, elapseTime: 358000
02-28 14:01:24.805 V/ActivityManager( 1303): Got obituary of 2670:www.luuzr.liaoluan
02-28 14:01:24.806 W/ActivityManager( 1303): setHasOverlayUi called on unknown pid: 2670
02-28 14:01:24.808 W/ActivityManager( 1303): Foreground service started from background can not have location/camera/microphone access: service com.mumu.acc/.AccService
02-28 14:01:24.808 V/ActivityManager( 1303): Attempted to start a foreground service (com.mumu.acc/.AccService) with a broken notification (no icon: Notification(channel=acc-service shortcut=null contentView=null vibrate=null sound=null defaults=0x0 flags=0x40 color=0x00000000 vis=PRIVATE))
02-28 14:01:24.810 I/NativeHelper( 1303): www.luuzr.liaoluan use max number of library use abi:x86_64 index:0
02-28 14:01:24.810 W/PackageManager( 1303): findSupportedAbi x86_64
02-28 14:01:24.810 I/NativeHelper( 1303): www.luuzr.liaoluan use max number of library use abi:arm64-v8a index:0
02-28 14:01:24.810 W/PackageManager( 1303): findSupportedAbi arm64-v8a
02-28 14:01:24.810 I/NativeHelper( 1303): www.luuzr.liaoluan use max number of library use abi:x86 index:0
02-28 14:01:24.810 W/PackageManager( 1303): findSupportedAbi x86
02-28 14:01:24.811 I/NativeHelper( 1303): www.luuzr.liaoluan use max number of library use abi:armeabi-v7a index:0
02-28 14:01:24.811 W/PackageManager( 1303): findSupportedAbi armeabi-v7a
02-28 14:01:24.811 W/PackageManager( 1303): findSupportedAbi coast 2
02-28 14:01:24.814 W/ContextImpl( 2045): Calling a method in the system process without a qualified user: android.app.ContextImpl.sendBroadcast:1181 android.content.ContextWrapper.sendBroadcast:479 com.mumu.store.install.InstallService.l:20 com.mumu.store.install.InstallService.i:140 com.mumu.store.install.InstallService.j:22 
02-28 14:01:24.814 W/ContextImpl( 2045): Calling a method in the system process without a qualified user: android.app.ContextImpl.startService:1824 android.content.ContextWrapper.startService:774 com.mumu.store.install.InstallService.m:15 com.mumu.store.install.InstallService.i:201 com.mumu.store.install.InstallService.j:22 
02-28 14:01:24.819 I/ActivityManager( 1303): Force stopping www.luuzr.liaoluan appid=10041 user=0: pkg removed
02-28 14:01:24.824 I/ActivityManager( 1303): Force stopping www.luuzr.liaoluan appid=10041 user=0: pkg removed
02-28 14:01:24.828 W/BroadcastQueue( 1303): Background execution not allowed: receiving Intent { act=android.intent.action.PACKAGE_REMOVED dat=package:www.luuzr.liaoluan flg=0x4000010 (has extras) } to com.android.gallery3d/.app.PackagesMonitor
02-28 14:01:24.832 D/CompatibilityChangeReporter( 1303): Compat change id reported: 168419799; UID 10041; state: DISABLED
02-28 14:01:24.841 W/ActivityManager( 1303): Foreground service started from background can not have location/camera/microphone access: service com.mumu.acc/.AccService
02-28 14:01:24.841 W/ContextImpl( 2045): Calling a method in the system process without a qualified user: android.app.ContextImpl.sendBroadcast:1181 android.content.ContextWrapper.sendBroadcast:479 com.mumu.store.install.InstallService.onDestroy:36 android.app.ActivityThread.handleStopService:4829 android.app.ActivityThread.access$2200:260 
02-28 14:01:24.844 D/CompanionDeviceManagerService( 1303): onPackageModified(packageName = www.luuzr.liaoluan)
02-28 14:01:24.852 W/BroadcastQueue( 1303): Background execution not allowed: receiving Intent { act=android.intent.action.PACKAGE_ADDED dat=package:www.luuzr.liaoluan flg=0x4000010 (has extras) } to com.android.packageinstaller/.PackageInstalledReceiver
02-28 14:01:24.852 V/ActivityManager( 1303): Attempted to start a foreground service (com.mumu.acc/.AccService) with a broken notification (no icon: Notification(channel=acc-service shortcut=null contentView=null vibrate=null sound=null defaults=0x0 flags=0x40 color=0x00000000 vis=PRIVATE))
02-28 14:01:24.854 W/BroadcastQueue( 1303): Background execution not allowed: receiving Intent { act=android.intent.action.PACKAGE_ADDED dat=package:www.luuzr.liaoluan flg=0x4000010 (has extras) } to com.android.gallery3d/.app.PackagesMonitor
02-28 14:01:24.854 W/BroadcastQueue( 1303): Background execution not allowed: receiving Intent { act=android.intent.action.PACKAGE_REPLACED dat=package:www.luuzr.liaoluan flg=0x4000010 (has extras) } to com.netease.nemu_vapi_android.nemu/com.netease.nemu_vapi_android.receiver.LaunchReceiver
02-28 14:01:24.856 W/ActivityManager( 1303): Foreground service started from background can not have location/camera/microphone access: service com.mumu.acc/.AccService
02-28 14:01:24.856 V/ActivityManager( 1303): Attempted to start a foreground service (com.mumu.acc/.AccService) with a broken notification (no icon: Notification(channel=acc-service shortcut=null contentView=null vibrate=null sound=null defaults=0x0 flags=0x40 color=0x00000000 vis=PRIVATE))
02-28 14:01:24.864 V/BackupManagerConstants( 1303): getFullBackupIntervalMilliseconds(...) returns 86400000
02-28 14:01:24.865 V/BackupManagerConstants( 1303): getFullBackupRequiredNetworkType(...) returns 2
02-28 14:01:24.865 V/BackupManagerConstants( 1303): getFullBackupRequireCharging(...) returns true
02-28 14:01:24.881 W/TextServicesManagerService( 1303): no available spell checker services found
02-28 14:01:24.895 W/ContextImpl( 2045): Calling a method in the system process without a qualified user: android.app.ContextImpl.sendBroadcast:1181 android.content.ContextWrapper.sendBroadcast:479 com.mumu.store.base.z.g:335 com.mumu.store.base.z$a.b:10 com.mumu.store.base.z$a.onNext:3 
02-28 14:01:24.897 W/ContextImpl( 2045): Calling a method in the system process without a qualified user: android.app.ContextImpl.sendBroadcast:1181 android.content.ContextWrapper.sendBroadcast:479 com.mumu.store.search.k.c:31 y0.b$a.b:277 y0.b$a.onNext:3 
02-28 14:01:24.898 W/VoiceInteractionManager( 1303): no available voice recognition services found for user 0
02-28 14:01:27.008 V/DisplayPowerController[0]( 1303): Brightness [0.39763778] reason changing to: 'manual', previous reason: 'manual [ dim ]'.
02-28 14:01:27.014 E/DisplayDeviceConfig( 1303): requesting nits when no mapping exists.
02-28 14:01:27.014 E/DisplayDeviceConfig( 1303): requesting nits when no mapping exists.
02-28 14:01:27.014 I/DropBoxManagerService( 1303): add tag=system_server_wtf isTagEnabled=true flags=0x2
