02-28 13:55:00.924 I/SystemServerTimingAsync( 1303): ssm.onUnlockedUser-0_com.android.server.DeviceIdleController
02-28 13:55:00.924 I/SystemServerTimingAsync( 1303): ssm.onUnlockedUser-0_com.android.server.devicepolicy.DevicePolicyManagerService$Lifecycle
02-28 13:55:00.924 I/SystemServerTimingAsync( 1303): ssm.onUnlockedUser-0_com.android.server.texttospeech.TextToSpeechManagerService
02-28 13:55:00.924 I/SystemServerTimingAsync( 1303): ssm.onUnlockedUser-0_com.android.server.speech.SpeechRecognitionManagerService
02-28 13:55:00.924 I/SystemServerTimingAsync( 1303): ssm.onUnlockedUser-0_com.android.server.searchui.SearchUiManagerService
02-28 13:55:00.924 I/SystemServerTimingAsync( 1303): ssm.onUnlockedUser-0_com.android.server.smartspace.SmartspaceManagerService
02-28 13:55:00.924 I/SystemServerTimingAsync( 1303): ssm.onUnlockedUser-0_com.android.server.graphics.fonts.FontManagerService$Lifecycle
02-28 13:55:00.924 I/SystemServerTimingAsync( 1303): ssm.onUnlockedUser-0_com.android.server.textservices.TextServicesManagerService$Lifecycle
02-28 13:55:00.924 I/SystemServerTimingAsync( 1303): ssm.onUnlockedUser-0_com.android.server.textclassifier.TextClassificationManagerService$Lifecycle
02-28 13:55:00.924 I/SystemServerTimingAsync( 1303): ssm.onUnlockedUser-0_com.android.server.NetworkScoreService$Lifecycle
02-28 13:55:00.924 I/SystemServerTimingAsync( 1303): ssm.onUnlockedUser-0_com.android.server.wifi.WifiService
02-28 13:55:00.924 I/SystemServerTimingAsync( 1303): ssm.onUnlockedUser-0_com.android.server.wifi.scanner.WifiScanningService
02-28 13:55:00.924 I/SystemServerTimingAsync( 1303): ssm.onUnlockedUser-0_com.android.server.ethernet.EthernetService
02-28 13:55:00.924 I/SystemServerTimingAsync( 1303): ssm.onUnlockedUser-0_com.android.server.ConnectivityServiceInitializer
02-28 13:55:00.924 I/SystemServerTimingAsync( 1303): ssm.onUnlockedUser-0_com.android.server.notification.NotificationManagerService
02-28 13:55:00.924 I/SystemServerTimingAsync( 1303): ssm.onUnlockedUser-0_com.android.server.storage.DeviceStorageMonitorService
02-28 13:55:00.924 I/SystemServerTimingAsync( 1303): ssm.onUnlockedUser-0_com.android.server.location.LocationManagerService$Lifecycle
02-28 13:55:00.924 I/SystemServerTimingAsync( 1303): ssm.onUnlockedUser-0_com.android.server.timedetector.TimeDetectorService$Lifecycle
02-28 13:55:00.924 I/SystemServerTimingAsync( 1303): ssm.onUnlockedUser-0_com.android.server.timezonedetector.TimeZoneDetectorService$Lifecycle
02-28 13:55:00.924 I/SystemServerTimingAsync( 1303): ssm.onUnlockedUser-0_com.android.server.timezonedetector.location.LocationTimeZoneManagerService$Lifecycle
02-28 13:55:00.924 I/SystemServerTimingAsync( 1303): ssm.onUnlockedUser-0_com.android.server.search.SearchManagerService$Lifecycle
02-28 13:55:00.924 I/SystemServerTimingAsync( 1303): ssm.onUnlockedUser-0_com.android.server.wallpaper.WallpaperManagerService$Lifecycle
02-28 13:55:00.924 I/SystemServerTimingAsync( 1303): ssm.onUnlockedUser-0_com.android.server.audio.AudioService$Lifecycle
02-28 13:55:00.924 I/SystemServerTimingAsync( 1303): ssm.onUnlockedUser-0_com.android.server.soundtrigger_middleware.SoundTriggerMiddlewareService$Lifecycle
02-28 13:55:00.924 I/SystemServerTimingAsync( 1303): ssm.onUnlockedUser-0_com.android.server.DockObserver
02-28 13:55:00.924 I/SystemServerTimingAsync( 1303): ssm.onUnlockedUser-0_com.android.server.adb.AdbService$Lifecycle
02-28 13:55:00.924 I/SystemServerTimingAsync( 1303): ssm.onUnlockedUser-0_com.android.server.usb.UsbService$Lifecycle
02-28 13:55:00.924 I/SystemServerTimingAsync( 1303): ssm.onUnlockedUser-0_com.android.server.twilight.TwilightService
02-28 13:55:00.924 I/SystemServerTimingAsync( 1303): ssm.onUnlockedUser-0_com.android.server.display.color.ColorDisplayService
02-28 13:55:00.924 W/ContextImpl( 1454): Calling a method in the system process without a qualified user: android.app.ContextImpl.startService:1824 android.content.ContextWrapper.startService:774 com.netease.nemu_vapi_android.service.AppService.updateMessageForMessageCenter:310 com.netease.nemu_vapi_android.service.AppService.onUserUnlocked:287 com.netease.nemu_vapi_android.service.AppService.access$700:65 
02-28 13:55:00.924 I/SystemServerTimingAsync( 1303): ssm.onUnlockedUser-0_com.android.server.job.JobSchedulerService
02-28 13:55:00.924 I/SystemServerTimingAsync( 1303): ssm.onUnlockedUser-0_com.android.server.soundtrigger.SoundTriggerService
02-28 13:55:00.924 I/SystemServerTimingAsync( 1303): ssm.onUnlockedUser-0_com.android.server.trust.TrustManagerService
02-28 13:55:00.924 I/SystemServerTimingAsync( 1303): ssm.onUnlockedUser-0_com.android.server.backup.BackupManagerService$Lifecycle
02-28 13:55:00.924 I/SystemServerTimingAsync( 1303): ssm.onUnlockedUser-0_com.android.server.appwidget.AppWidgetService
02-28 13:55:00.924 I/SystemServerTimingAsync( 1303): ssm.onUnlockedUser-0_com.android.server.voiceinteraction.VoiceInteractionManagerService
02-28 13:55:00.924 I/SystemServerTimingAsync( 1303): ssm.onUnlockedUser-0_com.android.server.apphibernation.AppHibernationService
02-28 13:55:00.924 I/SystemServerTimingAsync( 1303): ssm.onUnlockedUser-0_com.android.server.GestureLauncherService
02-28 13:55:00.924 I/SystemServerTimingAsync( 1303): ssm.onUnlockedUser-0_com.android.server.SensorNotificationService
02-28 13:55:00.924 I/SystemServerTimingAsync( 1303): ssm.onUnlockedUser-0_com.android.server.emergency.EmergencyAffordanceService
02-28 13:55:00.924 I/SystemServerTimingAsync( 1303): ssm.onUnlockedUser-0_com.android.server.blob.BlobStoreManagerService
02-28 13:55:00.924 I/SystemServerTimingAsync( 1303): ssm.onUnlockedUser-0_com.android.server.dreams.DreamManagerService
02-28 13:55:00.924 I/SystemServerTimingAsync( 1303): ssm.onUnlockedUser-0_com.android.server.print.PrintManagerService
02-28 13:55:00.924 I/SystemServerTimingAsync( 1303): ssm.onUnlockedUser-0_com.android.server.companion.CompanionDeviceManagerService
02-28 13:55:00.924 I/SystemServerTimingAsync( 1303): ssm.onUnlockedUser-0_com.android.server.restrictions.RestrictionsManagerService
02-28 13:55:00.924 I/SystemServerTimingAsync( 1303): ssm.onUnlockedUser-0_com.android.server.media.MediaSessionService
02-28 13:55:00.924 I/SystemServerTimingAsync( 1303): ssm.onUnlockedUser-0_com.android.server.media.MediaResourceMonitorService
02-28 13:55:00.924 I/SystemServerTimingAsync( 1303): ssm.onUnlockedUser-0_com.android.server.biometrics.BiometricService
02-28 13:55:00.924 I/SystemServerTimingAsync( 1303): ssm.onUnlockedUser-0_com.android.server.biometrics.AuthService
02-28 13:55:00.924 I/SystemServerTimingAsync( 1303): ssm.onUnlockedUser-0_com.android.server.pm.ShortcutService$Lifecycle
02-28 13:55:00.924 I/SystemServerTimingAsync( 1303): ssm.onUnlockedUser-0_com.android.server.pm.LauncherAppsService
02-28 13:55:00.924 I/SystemServerTimingAsync( 1303): ssm.onUnlockedUser-0_com.android.server.pm.CrossProfileAppsService
02-28 13:55:00.924 I/SystemServerTimingAsync( 1303): ssm.onUnlockedUser-0_com.android.server.people.PeopleService
02-28 13:55:00.925 W/ActivityManager( 1303): Unable to start service Intent { act=com.mumu.message.action.UPDATE_MESSAGE pkg=com.mumu.store cmp=com.mumu.store/com.mumu.message.MessageControlService } U=0: not found
02-28 13:55:00.926 V/NotificationAssistants( 1303): disabling notification assistant for user 0: ComponentInfo{android.ext.services/android.ext.services.notification.Assistant}
02-28 13:55:00.926 D/NotificationListeners( 1303): Removing active service ComponentInfo{android.ext.services/android.ext.services.notification.Assistant}
02-28 13:55:00.927 I/AppWidgetServiceImpl( 1303): Processing of handleUserUnlocked u0 took 0 ms
02-28 13:55:00.930 E/TaskPersister( 1303): File error accessing recents directory (directory doesn't exist?).
02-28 13:55:00.930 I/SystemServerTimingAsync( 1303): ssm.onUnlockedUser-0_com.android.server.media.metrics.MediaMetricsManagerService
02-28 13:55:00.930 I/SystemServerTimingAsync( 1303): ssm.onUnlockedUser-0_com.android.server.media.projection.MediaProjectionManagerService
02-28 13:55:00.930 I/SystemServerTimingAsync( 1303): ssm.onUnlockedUser-0_com.android.server.slice.SliceManagerService$Lifecycle
02-28 13:55:00.930 I/SystemServerTimingAsync( 1303): ssm.onUnlockedUser-0_com.android.server.stats.StatsCompanion$Lifecycle
02-28 13:55:00.930 I/SystemServerTimingAsync( 1303): ssm.onUnlockedUser-0_com.android.server.scheduling.RebootReadinessManagerService$Lifecycle
02-28 13:55:00.930 I/SystemServerTimingAsync( 1303): ssm.onUnlockedUser-0_com.android.server.stats.pull.StatsPullAtomService
02-28 13:55:00.930 I/SystemServerTimingAsync( 1303): ssm.onUnlockedUser-0_com.android.server.incident.IncidentCompanionService
02-28 13:55:00.930 I/SystemServerTimingAsync( 1303): ssm.onUnlockedUser-0_com.android.server.MmsServiceBroker
02-28 13:55:00.930 I/SystemServerTimingAsync( 1303): ssm.onUnlockedUser-0_com.android.server.autofill.AutofillManagerService
02-28 13:55:00.930 I/SystemServerTimingAsync( 1303): ssm.onUnlockedUser-0_com.android.server.clipboard.ClipboardService
02-28 13:55:00.930 I/SystemServerTimingAsync( 1303): ssm.onUnlockedUser-0_com.android.server.appbinding.AppBindingService$Lifecycle
02-28 13:55:00.930 I/SystemServerTimingAsync( 1303): ssm.onUnlockedUser-0_com.android.server.tracing.TracingServiceProxy
02-28 13:55:00.930 I/SystemServerTimingAsync( 1303): ssm.onUnlockedUser-0_com.android.server.policy.PermissionPolicyService
02-28 13:55:00.930 I/SystemServerTimingAsync( 1303): ssm.onUnlockedUser-0_com.android.server.pm.StagingManager$Lifecycle
02-28 13:55:00.930 I/SystemServerTimingAsync( 1303): ssm.onUnlockedUser-0_com.android.server.app.GameManagerService$Lifecycle
02-28 13:55:00.930 I/SystemServerTimingAsync( 1303): ssm.onUnlockedUser-0_com.android.server.appsearch.AppSearchManagerService
02-28 13:55:00.930 I/SystemServerTimingAsync( 1303): ssm.onUnlockedUser-0_com.android.server.media.MediaCommunicationService
02-28 13:55:00.930 I/SystemServerTimingAsync( 1303): ssm.onUnlockedUser-0_com.android.server.compat.overrides.AppCompatOverridesService$Lifecycle
02-28 13:55:00.930 W/ActivityManager( 1303): UserLifecycleEvent 6 received without an active userJourneySession.
02-28 13:55:00.931 I/ActivityManager( 1303): com.android.keychain is exempt from freezer
02-28 13:55:00.932 V/NotificationAssistants( 1303): enabling notification assistant for 0: ComponentInfo{android.ext.services/android.ext.services.notification.Assistant}
02-28 13:55:00.932 V/NotificationAssistants( 1303): binding: Intent { act=android.service.notification.NotificationAssistantService cmp=android.ext.services/.notification.Assistant (has extras) }
02-28 13:55:00.935 W/ActivityManager( 1303): Unable to start service Intent { act=com.android.launcher3.WINDOW_OVERLAY dat=app://app.lawnchair:10017?v=7&cv=9 pkg=com.google.android.googlequicksearchbox } U=0: not found
02-28 13:55:00.945 D/CompatibilityChangeReporter( 1303): Compat change id reported: 135634846; UID 10014; state: DISABLED
02-28 13:55:00.948 W/ActivityManager( 1303): Unable to start service Intent { act=com.android.launcher3.WINDOW_OVERLAY dat=app://app.lawnchair:10017?v=7&cv=9 pkg=com.google.android.googlequicksearchbox } U=0: not found
02-28 13:55:00.950 V/NotificationAssistants( 1303): 0 notification assistant service connected: ComponentInfo{android.ext.services/android.ext.services.notification.Assistant}
02-28 13:55:01.000 I/WindowManager( 1303): finishDrawing of relaunch: Window{31f7e7f u0 app.lawnchair/app.lawnchair.LawnchairLauncher} 212ms
02-28 13:55:01.002 D/CountryDetector( 1303): The first listener is added
02-28 13:55:01.005 I/WindowManager( 1303): Screen frozen for +307ms due to Window{31f7e7f u0 app.lawnchair/app.lawnchair.LawnchairLauncher}
02-28 13:55:01.327 W/ActivityManager( 1303): Slow operation: 501ms so far, now at startProcess: asking zygote to start proc
02-28 13:55:01.327 D/CompatibilityChangeReporter( 1303): Compat change id reported: 143937733; UID 10038; state: ENABLED
02-28 13:55:01.331 W/ActivityManager( 1303): Slow operation: 505ms so far, now at startProcess: returned from zygote!
02-28 13:55:01.331 W/ActivityManager( 1303): Slow operation: 505ms so far, now at startProcess: done updating battery stats
02-28 13:55:01.331 W/ActivityManager( 1303): Slow operation: 505ms so far, now at startProcess: building log message
02-28 13:55:01.331 I/ActivityManager( 1303): Start proc 2044:com.android.permissioncontroller/u0a38 for service {com.android.permissioncontroller/com.android.permissioncontroller.permission.service.PermissionControllerServiceImpl}
02-28 13:55:01.331 W/ActivityManager( 1303): Slow operation: 505ms so far, now at startProcess: starting to update pids map
02-28 13:55:01.331 W/ActivityManager( 1303): Slow operation: 505ms so far, now at startProcess: done updating pids map
02-28 13:55:01.331 W/ActivityManager( 1303): Slow operation: 503ms so far, now at startProcess: asking zygote to start proc
02-28 13:55:01.337 W/ActivityManager( 1303): Slow operation: 509ms so far, now at startProcess: returned from zygote!
02-28 13:55:01.337 W/ActivityManager( 1303): Slow operation: 509ms so far, now at startProcess: done updating battery stats
02-28 13:55:01.337 W/ActivityManager( 1303): Slow operation: 509ms so far, now at startProcess: building log message
02-28 13:55:01.337 I/ActivityManager( 1303): Start proc 2045:com.mumu.store/1000 for broadcast {com.mumu.store/com.mumu.store.widget.receiver.WidgetOperateReceiver}
02-28 13:55:01.337 W/ActivityManager( 1303): Slow operation: 509ms so far, now at startProcess: starting to update pids map
02-28 13:55:01.337 W/ActivityManager( 1303): Slow operation: 509ms so far, now at startProcess: done updating pids map
02-28 13:55:01.343 D/CompatibilityChangeReporter( 1303): Compat change id reported: 168419799; UID 10038; state: DISABLED
02-28 13:55:01.364 D/CompatibilityChangeReporter( 1303): Compat change id reported: 168419799; UID 1000; state: DISABLED
02-28 13:55:01.369 W/ActivityManager( 1303): Slow operation: 500ms so far, now at startProcess: asking zygote to start proc
02-28 13:55:01.369 D/CompatibilityChangeReporter( 1303): Compat change id reported: 143937733; UID 10039; state: ENABLED
02-28 13:55:01.374 W/ActivityManager( 1303): Slow operation: 505ms so far, now at startProcess: returned from zygote!
02-28 13:55:01.374 W/ActivityManager( 1303): Slow operation: 505ms so far, now at startProcess: done updating battery stats
02-28 13:55:01.374 I/Watchdog( 1303): Interesting Java process com.android.providers.media.module started. Pid 2073
02-28 13:55:01.374 W/ActivityManager( 1303): Slow operation: 505ms so far, now at startProcess: building log message
02-28 13:55:01.374 I/ActivityManager( 1303): Start proc 2073:com.android.providers.media.module/u0a39 for service {com.android.providers.media.module/com.android.providers.media.fuse.ExternalStorageServiceImpl}
02-28 13:55:01.374 W/ActivityManager( 1303): Slow operation: 505ms so far, now at startProcess: starting to update pids map
02-28 13:55:01.374 W/ActivityManager( 1303): Slow operation: 505ms so far, now at startProcess: done updating pids map
02-28 13:55:01.403 D/CompatibilityChangeReporter( 1303): Compat change id reported: 168419799; UID 10039; state: DISABLED
02-28 13:55:01.410 W/ActivityManager( 1303): Slow operation: 500ms so far, now at startProcess: asking zygote to start proc
02-28 13:55:01.417 W/ActivityManager( 1303): Slow operation: 507ms so far, now at startProcess: returned from zygote!
02-28 13:55:01.418 W/ActivityManager( 1303): Slow operation: 507ms so far, now at startProcess: done updating battery stats
02-28 13:55:01.418 W/ActivityManager( 1303): Slow operation: 507ms so far, now at startProcess: building log message
02-28 13:55:01.418 I/ActivityManager( 1303): Start proc 2096:com.sohu.inputmethod.sogou.chuizi/1000 for added application com.sohu.inputmethod.sogou.chuizi
02-28 13:55:01.418 W/ActivityManager( 1303): Slow operation: 507ms so far, now at startProcess: starting to update pids map
02-28 13:55:01.418 W/ActivityManager( 1303): Slow operation: 508ms so far, now at startProcess: done updating pids map
02-28 13:55:01.418 W/ActivityManager( 1303): Slow operation: 504ms so far, now at startProcess: asking zygote to start proc
02-28 13:55:01.418 D/CompatibilityChangeReporter( 1303): Compat change id reported: 143937733; UID 10012; state: ENABLED
02-28 13:55:01.426 W/ActivityManager( 1303): Slow operation: 512ms so far, now at startProcess: returned from zygote!
02-28 13:55:01.426 I/DropBoxManagerService( 1303): add tag=system_app_wtf isTagEnabled=true flags=0x2
02-28 13:55:01.426 W/ActivityManager( 1303): Slow operation: 512ms so far, now at startProcess: done updating battery stats
02-28 13:55:01.426 W/ActivityManager( 1303): Slow operation: 512ms so far, now at startProcess: building log message
02-28 13:55:01.426 I/ActivityManager( 1303): Start proc 2102:com.nemu.nlp/u0a12 for service {com.nemu.nlp/com.nemu.nlp.LocationService}
02-28 13:55:01.426 W/ActivityManager( 1303): Slow operation: 512ms so far, now at startProcess: starting to update pids map
02-28 13:55:01.427 W/ActivityManager( 1303): Slow operation: 512ms so far, now at startProcess: done updating pids map
02-28 13:55:01.432 W/ActivityManager( 1303): Slow operation: 504ms so far, now at startProcess: asking zygote to start proc
02-28 13:55:01.445 D/CompatibilityChangeReporter( 1303): Compat change id reported: 168419799; UID 10012; state: DISABLED
02-28 13:55:01.447 W/ActivityManager( 1303): Slow operation: 518ms so far, now at startProcess: returned from zygote!
02-28 13:55:01.449 D/CompatibilityChangeReporter( 1303): Compat change id reported: 168419799; UID 1000; state: DISABLED
02-28 13:55:01.454 W/ActivityManager( 1303): Slow operation: 526ms so far, now at startProcess: done updating battery stats
02-28 13:55:01.454 W/ActivityManager( 1303): Slow operation: 526ms so far, now at startProcess: building log message
02-28 13:55:01.454 I/ActivityManager( 1303): Start proc 2134:com.android.keychain/1000 for service {com.android.keychain/com.android.keychain.KeyChainService}
02-28 13:55:01.454 W/ActivityManager( 1303): Slow operation: 526ms so far, now at startProcess: starting to update pids map
02-28 13:55:01.454 W/ActivityManager( 1303): Slow operation: 526ms so far, now at startProcess: done updating pids map
02-28 13:55:01.454 W/ActivityManager( 1303): Slow operation: 509ms so far, now at startProcess: asking zygote to start proc
02-28 13:55:01.454 D/CompatibilityChangeReporter( 1303): Compat change id reported: 143937733; UID 10014; state: ENABLED
02-28 13:55:01.465 W/ActivityManager( 1303): Slow operation: 520ms so far, now at startProcess: returned from zygote!
02-28 13:55:01.468 W/ActivityManager( 1303): Slow operation: 523ms so far, now at startProcess: done updating battery stats
02-28 13:55:01.468 W/ActivityManager( 1303): Slow operation: 523ms so far, now at startProcess: building log message
02-28 13:55:01.468 I/ActivityManager( 1303): Start proc 2141:com.mumu.acc/u0a14 for content provider {com.mumu.acc/com.mumu.acc.persistence.AccsContentProvider}
02-28 13:55:01.468 W/ActivityManager( 1303): Slow operation: 523ms so far, now at startProcess: starting to update pids map
02-28 13:55:01.468 W/ActivityManager( 1303): Slow operation: 523ms so far, now at startProcess: done updating pids map
02-28 13:55:01.478 W/StorageManagerService( 1303): Reporting emulated;0 unmounted due to system locked
02-28 13:55:01.482 D/CompatibilityChangeReporter( 1303): Compat change id reported: 168419799; UID 1000; state: DISABLED
02-28 13:55:01.510 D/CompatibilityChangeReporter( 1303): Compat change id reported: 168419799; UID 10014; state: DISABLED
02-28 13:55:01.521 I/StorageUserConnection( 1303): Service: [ComponentInfo{com.android.providers.media.module/com.android.providers.media.fuse.ExternalStorageServiceImpl}] connected. User [0]
02-28 13:55:01.551 D/CompatibilityChangeReporter( 1303): Compat change id reported: 149924527; UID 1000; state: ENABLED
02-28 13:55:01.553 D/CompatibilityChangeReporter( 1303): Compat change id reported: 132649864; UID 1000; state: DISABLED
02-28 13:55:01.569 D/CompatibilityChangeReporter( 1303): Compat change id reported: 182734110; UID 10039; state: ENABLED
02-28 13:55:01.606 W/StorageManagerService( 1303): Reporting emulated;0 unmounted due to system locked
02-28 13:55:01.708 W/ContextImpl( 2045): Calling a method in the system process without a qualified user: android.app.ContextImpl.sendBroadcast:1181 android.content.ContextWrapper.sendBroadcast:479 com.mumu.store.util.u.h:90 p0.g.g0:116 p0.g.v:1 
02-28 13:55:01.749 D/CompatibilityChangeReporter( 1303): Compat change id reported: 168419799; UID 1000; state: DISABLED
02-28 13:55:01.750 E/BootReceiver( 1303): Could not open /sys/kernel/tracing/instances/bootreceiver/trace_pipe
02-28 13:55:01.750 E/BootReceiver( 1303): android.system.ErrnoException: open failed: ENOENT (No such file or directory)
02-28 13:55:01.750 E/BootReceiver( 1303): 	at libcore.io.Linux.open(Native Method)
02-28 13:55:01.750 E/BootReceiver( 1303): 	at libcore.io.ForwardingOs.open(ForwardingOs.java:567)
02-28 13:55:01.750 E/BootReceiver( 1303): 	at libcore.io.BlockGuardOs.open(BlockGuardOs.java:273)
02-28 13:55:01.750 E/BootReceiver( 1303): 	at android.system.Os.open(Os.java:501)
02-28 13:55:01.750 E/BootReceiver( 1303): 	at com.android.server.BootReceiver.onReceive(BootReceiver.java:167)
02-28 13:55:01.750 E/BootReceiver( 1303): 	at android.app.ActivityThread.handleReceiver(ActivityThread.java:4468)
02-28 13:55:01.750 E/BootReceiver( 1303): 	at android.app.ActivityThread.access$1700(ActivityThread.java:260)
02-28 13:55:01.750 E/BootReceiver( 1303): 	at android.app.ActivityThread$H.handleMessage(ActivityThread.java:2151)
02-28 13:55:01.750 E/BootReceiver( 1303): 	at android.os.Handler.dispatchMessage(Handler.java:106)
02-28 13:55:01.750 E/BootReceiver( 1303): 	at android.os.Looper.loopOnce(Looper.java:201)
02-28 13:55:01.750 E/BootReceiver( 1303): 	at android.os.Looper.loop(Looper.java:288)
02-28 13:55:01.750 E/BootReceiver( 1303): 	at com.android.server.SystemServer.run(SystemServer.java:929)
02-28 13:55:01.750 E/BootReceiver( 1303): 	at com.android.server.SystemServer.main(SystemServer.java:611)
02-28 13:55:01.750 E/BootReceiver( 1303): 	at java.lang.reflect.Method.invoke(Native Method)
02-28 13:55:01.750 E/BootReceiver( 1303): 	at com.android.internal.os.RuntimeInit$MethodAndArgsCaller.run(RuntimeInit.java:571)
02-28 13:55:01.750 E/BootReceiver( 1303): 	at com.android.internal.os.ZygoteInit.main(ZygoteInit.java:1069)
02-28 13:55:01.751 I/DropBoxManagerService( 1303): add tag=system_server_wtf isTagEnabled=true flags=0x2
02-28 13:55:01.752 W/ContextImpl( 1454): Calling a method in the system process without a qualified user: android.app.ContextImpl.startService:1824 android.content.ContextWrapper.startService:774 android.content.ContextWrapper.startService:774 com.netease.nemu_vapi_android.receiver.LaunchReceiver.onReceive:38 android.app.ActivityThread.handleReceiver:4468 
02-28 13:55:01.753 I/DropBoxManagerService( 1303): add tag=SYSTEM_BOOT isTagEnabled=true flags=0x2
02-28 13:55:01.753 I/BootReceiver( 1303): Copying audit failures to DropBox
02-28 13:55:01.753 I/BootReceiver( 1303): Checking for fsck errors
02-28 13:55:01.758 D/CompatibilityChangeReporter( 1303): Compat change id reported: 135634846; UID 10020; state: DISABLED
02-28 13:55:01.758 D/CompatibilityChangeReporter( 1303): Compat change id reported: 177438394; UID 10020; state: DISABLED
02-28 13:55:01.758 D/CompatibilityChangeReporter( 1303): Compat change id reported: 135772972; UID 10020; state: DISABLED
02-28 13:55:01.758 D/CompatibilityChangeReporter( 1303): Compat change id reported: 135754954; UID 10020; state: ENABLED
02-28 13:55:01.758 D/CompatibilityChangeReporter( 1303): Compat change id reported: 143937733; UID 10020; state: ENABLED
02-28 13:55:01.765 D/CompatibilityChangeReporter( 1303): Compat change id reported: 135634846; UID 1001; state: DISABLED
02-28 13:55:01.765 D/CompatibilityChangeReporter( 1303): Compat change id reported: 177438394; UID 1001; state: DISABLED
02-28 13:55:01.765 D/CompatibilityChangeReporter( 1303): Compat change id reported: 135772972; UID 1001; state: DISABLED
02-28 13:55:01.765 D/CompatibilityChangeReporter( 1303): Compat change id reported: 135754954; UID 1001; state: ENABLED
02-28 13:55:01.767 I/ActivityManager( 1303): Start proc 2324:android.process.media/u0a20 for content provider {com.android.providers.downloads/com.android.providers.downloads.DownloadProvider}
02-28 13:55:01.772 I/Watchdog( 1303): Interesting Java process com.android.phone started. Pid 2326
02-28 13:55:01.772 I/ActivityManager( 1303): Start proc 2326:com.android.phone/1001 for broadcast {com.android.phone/com.android.phone.vvm.VvmSimStateTracker}
02-28 13:55:01.788 D/CompatibilityChangeReporter( 1303): Compat change id reported: 168419799; UID 1001; state: DISABLED
02-28 13:55:01.799 D/CompatibilityChangeReporter( 1303): Compat change id reported: 168419799; UID 10020; state: DISABLED
02-28 13:55:01.805 W/ContextImpl( 1454): Calling a method in the system process without a qualified user: android.app.ContextImpl.startService:1824 android.content.ContextWrapper.startService:774 com.netease.nemu_vapi_android.resource.AppsManager.onInstallByRemoteInstallService:464 com.netease.nemu_vapi_android.resource.AppsManager.dispatchApkInstall:425 com.netease.nemu_vapi_android.resource.AppsManager.onAppsPost:360 
02-28 13:55:01.808 W/ContextImpl( 2045): Calling a method in the system process without a qualified user: android.app.ContextImpl.sendBroadcast:1181 android.content.ContextWrapper.sendBroadcast:479 com.mumu.store.util.u.b:70 com.mumu.store.install.InstallLocalApkService$k.invokeSuspend:149 kotlin.coroutines.jvm.internal.a.resumeWith:12 
02-28 13:55:01.837 E/RemotePrintSpooler( 1303): Error pruning approved print services.
02-28 13:55:01.837 E/RemotePrintSpooler( 1303): java.util.concurrent.TimeoutException: Cannot get spooler!
02-28 13:55:01.837 E/RemotePrintSpooler( 1303): 	at com.android.server.print.RemotePrintSpooler.bindLocked(RemotePrintSpooler.java:636)
02-28 13:55:01.837 E/RemotePrintSpooler( 1303): 	at com.android.server.print.RemotePrintSpooler.getRemoteInstanceLazy(RemotePrintSpooler.java:596)
02-28 13:55:01.837 E/RemotePrintSpooler( 1303): 	at com.android.server.print.RemotePrintSpooler.pruneApprovedPrintServices(RemotePrintSpooler.java:511)
02-28 13:55:01.837 E/RemotePrintSpooler( 1303): 	at com.android.server.print.UserState.prunePrintServices(UserState.java:1031)
02-28 13:55:01.837 E/RemotePrintSpooler( 1303): 	at com.android.server.print.UserState.<init>(UserState.java:178)
02-28 13:55:01.837 E/RemotePrintSpooler( 1303): 	at com.android.server.print.PrintManagerService$PrintManagerImpl.getOrCreateUserStateLocked(PrintManagerService.java:974)
02-28 13:55:01.837 E/RemotePrintSpooler( 1303): 	at com.android.server.print.PrintManagerService$PrintManagerImpl.access$600(PrintManagerService.java:114)
02-28 13:55:01.837 E/RemotePrintSpooler( 1303): 	at com.android.server.print.PrintManagerService$PrintManagerImpl$2.onPackageModified(PrintManagerService.java:868)
02-28 13:55:01.837 E/RemotePrintSpooler( 1303): 	at com.android.internal.content.PackageMonitor.onReceive(PackageMonitor.java:406)
02-28 13:55:01.837 E/RemotePrintSpooler( 1303): 	at android.app.LoadedApk$ReceiverDispatcher$Args.lambda$getRunnable$0$LoadedApk$ReceiverDispatcher$Args(LoadedApk.java:1679)
02-28 13:55:01.837 E/RemotePrintSpooler( 1303): 	at android.app.LoadedApk$ReceiverDispatcher$Args$$ExternalSyntheticLambda0.run(Unknown Source:2)
02-28 13:55:01.837 E/RemotePrintSpooler( 1303): 	at android.os.Handler.handleCallback(Handler.java:938)
02-28 13:55:01.837 E/RemotePrintSpooler( 1303): 	at android.os.Handler.dispatchMessage(Handler.java:99)
02-28 13:55:01.837 E/RemotePrintSpooler( 1303): 	at android.os.Looper.loopOnce(Looper.java:201)
02-28 13:55:01.837 E/RemotePrintSpooler( 1303): 	at android.os.Looper.loop(Looper.java:288)
02-28 13:55:01.837 E/RemotePrintSpooler( 1303): 	at android.os.HandlerThread.run(HandlerThread.java:67)
02-28 13:55:01.838 W/VoiceInteractionManager( 1303): no available voice recognition services found for user 0
02-28 13:55:01.854 D/IntervalStats( 1303): Unable to parse usage stats packages: [40]
02-28 13:55:01.855 D/IntervalStats( 1303): Unable to parse usage stats packages: [40]
02-28 13:55:01.855 D/IntervalStats( 1303): Unable to parse usage stats packages: [40]
02-28 13:55:01.855 I/UsageStatsService( 1303): User[0] Rollover scheduled @ 2026-03-01 00:27:19(1772296039291)
02-28 13:55:01.865 I/UsageStatsService( 1303): User[0] Flushing usage stats to disk
02-28 13:55:01.882 W/ActivityManager( 1303): Unable to start service Intent { cmp=com.android.printspooler/.model.PrintSpoolerService } U=0: not found
02-28 13:55:01.912 W/ContextImpl( 2045): Calling a method in the system process without a qualified user: android.app.ContextImpl.sendBroadcast:1181 android.content.ContextWrapper.sendBroadcast:479 com.mumu.store.base.z.g:335 com.mumu.store.base.z$a.b:10 com.mumu.store.base.z$a.onNext:3 
02-28 13:55:01.918 W/ContextImpl( 2045): Calling a method in the system process without a qualified user: android.app.ContextImpl.sendBroadcast:1181 android.content.ContextWrapper.sendBroadcast:479 com.mumu.store.search.k.c:31 y0.b$a.b:277 y0.b$a.onNext:3 
02-28 13:55:01.954 W/ContextImpl( 1454): Calling a method in the system process without a qualified user: android.app.ContextImpl.sendBroadcast:1181 android.content.ContextWrapper.sendBroadcast:479 com.mumu.login_handler.LoginClientHandler.registerLoginClient:29 com.mumu.login_handler.LoginClientHandler.register:159 com.mumu.login_handler.LoginClientHandler.initAndRegister:166 
02-28 13:55:01.954 W/ContextImpl( 1454): Calling a method in the system process without a qualified user: android.app.ContextImpl.sendBroadcast:1181 android.content.ContextWrapper.sendBroadcast:479 com.mumu.login_handler.LoginClientHandler.invokeQueryUserLoginInfo:53 com.netease.nemu_vapi_android.resource.LoginManager.initLoginManager:136 com.netease.nemu_vapi_android.resource.LoginManager.initLoginManagerIfNeed:72 
02-28 13:55:01.962 W/ContextImpl( 2045): Calling a method in the system process without a qualified user: android.app.ContextImpl.sendStickyBroadcast:1528 android.content.ContextWrapper.sendStickyBroadcast:644 com.mumu.store.s.A:101 com.mumu.store.s.v:42 com.mumu.store.s.u:186 
02-28 13:55:01.970 W/ContextImpl( 1454): Calling a method in the system process without a qualified user: android.app.ContextImpl.sendBroadcast:1181 android.content.ContextWrapper.sendBroadcast:479 com.mumu.login_handler.LoginClientHandler.registerLoginClient:29 com.mumu.login_handler.LoginClientHandler.register:159 com.mumu.login_handler.LoginClientHandler.initAndRegister:166 
02-28 13:55:01.971 W/ContextImpl( 1454): Calling a method in the system process without a qualified user: android.app.ContextImpl.sendBroadcast:1181 android.content.ContextWrapper.sendBroadcast:479 com.mumu.login_handler.LoginClientHandler.invokeQueryUserLoginInfo:53 com.netease.nemu_vapi_android.resource.LoginManager.initLoginManager:136 com.netease.nemu_vapi_android.manager.SystemAppInstallManager.restoreWindowsTaskAndPreInstall:198 
02-28 13:55:01.975 D/CompatibilityChangeReporter( 1303): Compat change id reported: 124107808; UID 1001; state: ENABLED
02-28 13:55:02.009 W/ContextImpl( 1303): Calling a method in the system process without a qualified user: android.app.ContextImpl.sendBroadcastMultiplePermissions:1264 com.android.server.TelephonyRegistry.broadcastDataConnectionStateChanged:3043 com.android.server.TelephonyRegistry.notifyDataConnectionForSubscriber:2023 com.android.internal.telephony.ITelephonyRegistry$Stub.onTransact:544 android.os.Binder.execTransactInternal:1179 
02-28 13:55:02.010 W/ContextImpl( 1303): Calling a method in the system process without a qualified user: android.app.ContextImpl.sendBroadcastMultiplePermissions:1264 com.android.server.TelephonyRegistry.broadcastDataConnectionStateChanged:3043 com.android.server.TelephonyRegistry.notifyDataConnectionForSubscriber:2023 com.android.internal.telephony.ITelephonyRegistry$Stub.onTransact:544 android.os.Binder.execTransactInternal:1179 
02-28 13:55:02.011 W/ContextImpl( 1303): Calling a method in the system process without a qualified user: android.app.ContextImpl.sendBroadcastMultiplePermissions:1264 com.android.server.TelephonyRegistry.broadcastDataConnectionStateChanged:3043 com.android.server.TelephonyRegistry.notifyDataConnectionForSubscriber:2023 com.android.internal.telephony.ITelephonyRegistry$Stub.onTransact:544 android.os.Binder.execTransactInternal:1179 
02-28 13:55:02.011 W/ContextImpl( 1303): Calling a method in the system process without a qualified user: android.app.ContextImpl.sendBroadcastMultiplePermissions:1264 com.android.server.TelephonyRegistry.broadcastDataConnectionStateChanged:3043 com.android.server.TelephonyRegistry.notifyDataConnectionForSubscriber:2023 com.android.internal.telephony.ITelephonyRegistry$Stub.onTransact:544 android.os.Binder.execTransactInternal:1179 
02-28 13:55:02.011 W/ContextImpl( 1303): Calling a method in the system process without a qualified user: android.app.ContextImpl.sendBroadcastMultiplePermissions:1264 com.android.server.TelephonyRegistry.broadcastDataConnectionStateChanged:3043 com.android.server.TelephonyRegistry.notifyDataConnectionForSubscriber:2023 com.android.internal.telephony.ITelephonyRegistry$Stub.onTransact:544 android.os.Binder.execTransactInternal:1179 
02-28 13:55:02.011 W/ContextImpl( 1303): Calling a method in the system process without a qualified user: android.app.ContextImpl.sendBroadcastMultiplePermissions:1264 com.android.server.TelephonyRegistry.broadcastDataConnectionStateChanged:3043 com.android.server.TelephonyRegistry.notifyDataConnectionForSubscriber:2023 com.android.internal.telephony.ITelephonyRegistry$Stub.onTransact:544 android.os.Binder.execTransactInternal:1179 
02-28 13:55:02.012 W/ContextImpl( 1303): Calling a method in the system process without a qualified user: android.app.ContextImpl.sendBroadcastMultiplePermissions:1264 com.android.server.TelephonyRegistry.broadcastDataConnectionStateChanged:3043 com.android.server.TelephonyRegistry.notifyDataConnectionForSubscriber:2023 com.android.internal.telephony.ITelephonyRegistry$Stub.onTransact:544 android.os.Binder.execTransactInternal:1179 
02-28 13:55:02.012 W/ContextImpl( 1303): Calling a method in the system process without a qualified user: android.app.ContextImpl.sendBroadcastMultiplePermissions:1264 com.android.server.TelephonyRegistry.broadcastDataConnectionStateChanged:3043 com.android.server.TelephonyRegistry.notifyDataConnectionForSubscriber:2023 com.android.internal.telephony.ITelephonyRegistry$Stub.onTransact:544 android.os.Binder.execTransactInternal:1179 
02-28 13:55:02.012 W/ContextImpl( 1303): Calling a method in the system process without a qualified user: android.app.ContextImpl.sendBroadcastMultiplePermissions:1264 com.android.server.TelephonyRegistry.broadcastDataConnectionStateChanged:3043 com.android.server.TelephonyRegistry.notifyDataConnectionForSubscriber:2023 com.android.internal.telephony.ITelephonyRegistry$Stub.onTransact:544 android.os.Binder.execTransactInternal:1179 
02-28 13:55:02.012 W/ContextImpl( 1303): Calling a method in the system process without a qualified user: android.app.ContextImpl.sendBroadcastMultiplePermissions:1264 com.android.server.TelephonyRegistry.broadcastDataConnectionStateChanged:3043 com.android.server.TelephonyRegistry.notifyDataConnectionForSubscriber:2023 com.android.internal.telephony.ITelephonyRegistry$Stub.onTransact:544 android.os.Binder.execTransactInternal:1179 
02-28 13:55:02.013 W/ContextImpl( 1303): Calling a method in the system process without a qualified user: android.app.ContextImpl.sendBroadcastMultiplePermissions:1264 com.android.server.TelephonyRegistry.broadcastDataConnectionStateChanged:3043 com.android.server.TelephonyRegistry.notifyDataConnectionForSubscriber:2023 com.android.internal.telephony.ITelephonyRegistry$Stub.onTransact:544 android.os.Binder.execTransactInternal:1179 
02-28 13:55:02.013 W/ContextImpl( 1303): Calling a method in the system process without a qualified user: android.app.ContextImpl.sendBroadcastMultiplePermissions:1264 com.android.server.TelephonyRegistry.broadcastDataConnectionStateChanged:3043 com.android.server.TelephonyRegistry.notifyDataConnectionForSubscriber:2023 com.android.internal.telephony.ITelephonyRegistry$Stub.onTransact:544 android.os.Binder.execTransactInternal:1179 
02-28 13:55:02.013 W/ContextImpl( 1303): Calling a method in the system process without a qualified user: android.app.ContextImpl.sendBroadcastMultiplePermissions:1264 com.android.server.TelephonyRegistry.broadcastDataConnectionStateChanged:3043 com.android.server.TelephonyRegistry.notifyDataConnectionForSubscriber:2023 com.android.internal.telephony.ITelephonyRegistry$Stub.onTransact:544 android.os.Binder.execTransactInternal:1179 
02-28 13:55:02.016 D/CompatibilityChangeReporter( 1303): Compat change id reported: 182478738; UID 1001; state: ENABLED
02-28 13:55:02.051 D/BluetoothManagerService( 1303): Trying to bind to profile: 1, while Bluetooth was disabled
02-28 13:55:02.058 D/CompatibilityChangeReporter( 1303): Compat change id reported: 135634846; UID 10018; state: DISABLED
02-28 13:55:02.058 D/CompatibilityChangeReporter( 1303): Compat change id reported: 177438394; UID 10018; state: DISABLED
02-28 13:55:02.058 D/CompatibilityChangeReporter( 1303): Compat change id reported: 135772972; UID 10018; state: DISABLED
02-28 13:55:02.058 D/CompatibilityChangeReporter( 1303): Compat change id reported: 135754954; UID 10018; state: ENABLED
02-28 13:55:02.058 D/CompatibilityChangeReporter( 1303): Compat change id reported: 143937733; UID 10018; state: ENABLED
02-28 13:55:02.064 I/ActivityManager( 1303): Start proc 2431:com.android.providers.calendar/u0a18 for broadcast {com.android.providers.calendar/com.android.providers.calendar.CalendarReceiver}
02-28 13:55:02.065 W/ContextImpl( 2045): Calling a method in the system process without a qualified user: android.app.ContextImpl.sendBroadcast:1181 android.content.ContextWrapper.sendBroadcast:479 com.mumu.store.util.u.k:66 com.mumu.store.util.u.n:4 com.mumu.store.util.u.g:49 
02-28 13:55:02.067 W/ContextImpl( 2045): Calling a method in the system process without a qualified user: android.app.ContextImpl.sendBroadcast:1181 android.content.ContextWrapper.sendBroadcast:479 com.mumu.store.util.u.k:66 com.mumu.store.util.u.n:4 com.mumu.store.util.u.g:49 
02-28 13:55:02.081 W/ContextImpl( 2045): Calling a method in the system process without a qualified user: android.app.ContextImpl.startService:1824 android.content.ContextWrapper.startService:774 com.mumu.store.install.k.c:70 p0.g.k0:29 p0.g.w:1 
02-28 13:55:02.083 W/ContextImpl( 2045): Calling a method in the system process without a qualified user: android.app.ContextImpl.sendBroadcast:1181 android.content.ContextWrapper.sendBroadcast:479 com.mumu.store.util.u.k:66 com.mumu.store.util.u.l:106 com.mumu.store.util.u.g:41 
02-28 13:55:02.084 W/ContextImpl( 2045): Calling a method in the system process without a qualified user: android.app.ContextImpl.sendBroadcast:1181 android.content.ContextWrapper.sendBroadcast:479 com.mumu.store.util.u.k:66 com.mumu.store.util.u.l:106 com.mumu.store.util.u.g:41 
02-28 13:55:02.088 W/ContextImpl( 2045): Calling a method in the system process without a qualified user: android.app.ContextImpl.sendBroadcast:1181 android.content.ContextWrapper.sendBroadcast:479 com.mumu.store.install.InstallService.l:20 com.mumu.store.install.InstallService.i:33 com.mumu.store.install.InstallService.j:22 
02-28 13:55:02.090 D/CompatibilityChangeReporter( 1303): Compat change id reported: 168419799; UID 10018; state: DISABLED
02-28 13:55:02.099 D/VcnManagementService( 1303): new snapshot: TelephonySubscriptionSnapshot{ mActiveDataSubId=1, mSubIdToInfoMap={}, mPrivilegedPackages={} }
02-28 13:55:02.144 I/NativeHelper( 1303): www.luuzr.liaoluan use max number of library use abi:x86_64 index:0
02-28 13:55:02.173 D/CompatibilityChangeReporter( 1303): Compat change id reported: 171306433; UID 10018; state: ENABLED
02-28 13:55:02.176 D/CompatibilityChangeReporter( 1303): Compat change id reported: 143231523; UID 10018; state: DISABLED
02-28 13:55:02.186 W/ContextImpl( 2045): Calling a method in the system process without a qualified user: android.app.ContextImpl.sendBroadcast:1181 android.content.ContextWrapper.sendBroadcast:479 h0.d.t:74 h0.d.s:52 h0.d.r:7 
02-28 13:55:02.191 W/ContextImpl( 2045): Calling a method in the system process without a qualified user: android.app.ContextImpl.sendBroadcast:1181 android.content.ContextWrapper.sendBroadcast:479 h0.d.t:74 h0.d.s:52 h0.d.r:7 
02-28 13:55:02.192 W/ContextImpl( 2045): Calling a method in the system process without a qualified user: android.app.ContextImpl.sendBroadcast:1181 android.content.ContextWrapper.sendBroadcast:479 h0.d.t:74 h0.d.s:52 h0.d.r:7 
02-28 13:55:02.192 I/ActivityManager( 1303): com.android.settings is exempt from freezer
02-28 13:55:02.192 D/CompatibilityChangeReporter( 1303): Compat change id reported: 135634846; UID 1000; state: DISABLED
02-28 13:55:02.194 W/ContextImpl( 2045): Calling a method in the system process without a qualified user: android.app.ContextImpl.sendBroadcast:1181 android.content.ContextWrapper.sendBroadcast:479 h0.d.t:74 h0.d.s:52 h0.d.r:7 
02-28 13:55:02.202 W/BroadcastQueue( 1303): Permission Denial: receiving Intent { act=android.intent.action.SERVICE_STATE flg=0x1000010 (has extras) } to ProcessRecord{e262c31 1484:com.android.systemui/u0a34} (pid=1484, uid=10034) requires android.permission.READ_PHONE_STATE due to sender android (uid 1001)
02-28 13:55:02.202 W/BroadcastQueue( 1303): Permission Denial: receiving Intent { act=android.intent.action.SERVICE_STATE flg=0x1000010 (has extras) } to ProcessRecord{fe5f3e1 2326:com.android.phone/1001} (pid=2326, uid=1001) requires android.permission.READ_PHONE_STATE due to sender android (uid 1001)
02-28 13:55:02.202 W/ContextImpl( 1303): Calling a method in the system process without a qualified user: android.app.ContextImpl.sendBroadcastMultiplePermissions:1264 com.android.server.TelephonyRegistry.broadcastServiceStateChanged:2909 com.android.server.TelephonyRegistry.notifyServiceStateForPhoneId:1613 com.android.internal.telephony.ITelephonyRegistry$Stub.onTransact:455 android.os.Binder.execTransactInternal:1179 
02-28 13:55:02.244 W/ActivityManager( 1303): Slow operation: 52ms so far, now at startProcess: returned from zygote!
02-28 13:55:02.244 W/ActivityManager( 1303): Slow operation: 52ms so far, now at startProcess: done updating battery stats
02-28 13:55:02.244 W/ActivityManager( 1303): Slow operation: 52ms so far, now at startProcess: building log message
02-28 13:55:02.244 I/ActivityManager( 1303): Start proc 2487:com.android.settings/1000 for broadcast {com.android.settings/com.android.settings.fuelgauge.batterytip.AnomalyConfigReceiver}
02-28 13:55:02.244 W/ActivityManager( 1303): Slow operation: 52ms so far, now at startProcess: starting to update pids map
02-28 13:55:02.244 W/ActivityManager( 1303): Slow operation: 52ms so far, now at startProcess: done updating pids map
02-28 13:55:02.270 W/ContextImpl( 1303): Calling a method in the system process without a qualified user: android.app.ContextImpl.sendBroadcastMultiplePermissions:1264 com.android.server.TelephonyRegistry.broadcastServiceStateChanged:2909 com.android.server.TelephonyRegistry.notifyServiceStateForPhoneId:1613 com.android.internal.telephony.ITelephonyRegistry$Stub.onTransact:455 android.os.Binder.execTransactInternal:1179 
02-28 13:55:02.271 W/BroadcastQueue( 1303): Permission Denial: receiving Intent { act=android.intent.action.SERVICE_STATE flg=0x1000010 (has extras) } to ProcessRecord{e262c31 1484:com.android.systemui/u0a34} (pid=1484, uid=10034) requires android.permission.READ_PHONE_STATE due to sender android (uid 1001)
02-28 13:55:02.271 W/BroadcastQueue( 1303): Permission Denial: receiving Intent { act=android.intent.action.SERVICE_STATE flg=0x1000010 (has extras) } to ProcessRecord{fe5f3e1 2326:com.android.phone/1001} (pid=2326, uid=1001) requires android.permission.READ_PHONE_STATE due to sender android (uid 1001)
02-28 13:55:02.290 I/ActivityTaskManager( 1303): Config changes=3 {1.0 460mcc65535mnc [zh_CN] ldltr sw360dp w360dp h616dp 640dpi nrml long port finger -keyb/v/v dpad/v winConfig={ mBounds=Rect(0, 0 - 1440, 2560) mAppBounds=Rect(0, 0 - 1440, 2560) mMaxBounds=Rect(0, 0 - 1440, 2560) mWindowingMode=fullscreen mDisplayWindowingMode=fullscreen mActivityType=undefined mAlwaysOnTop=undefined mRotation=ROTATION_0} as.2 s.18 fontWeightAdjustment=0}
02-28 13:55:02.291 I/WindowManager( 1303): Override config changes=3 {1.0 460mcc65535mnc [zh_CN] ldltr sw360dp w360dp h616dp 640dpi nrml long port finger -keyb/v/v dpad/v winConfig={ mBounds=Rect(0, 0 - 1440, 2560) mAppBounds=Rect(0, 0 - 1440, 2560) mMaxBounds=Rect(0, 0 - 1440, 2560) mWindowingMode=fullscreen mDisplayWindowingMode=fullscreen mActivityType=undefined mAlwaysOnTop=undefined mRotation=ROTATION_0} as.2 s.18 fontWeightAdjustment=0} for displayId=0
02-28 13:55:02.293 D/CompatibilityChangeReporter( 1303): Compat change id reported: 174042980; UID 10017; state: DISABLED
02-28 13:55:02.293 D/CompatibilityChangeReporter( 1303): Compat change id reported: 184838306; UID 10017; state: DISABLED
02-28 13:55:02.294 D/CompatibilityChangeReporter( 1303): Compat change id reported: 185004937; UID 10017; state: DISABLED
02-28 13:55:02.316 I/NativeHelper( 1303): www.luuzr.liaoluan use max number of library use abi:x86_64 index:0
02-28 13:55:02.318 I/NativeHelper( 1303): www.luuzr.liaoluan use max number of library use abi:x86_64 index:0
02-28 13:55:02.319 I/NativeHelper( 1303): www.luuzr.liaoluan use max number of library use abi:x86_64 index:0
02-28 13:55:02.321 I/NativeHelper( 1303): www.luuzr.liaoluan use max number of library use abi:x86_64 index:0
02-28 13:55:02.324 D/PackageSettings( 1303): is current abi select file newer than recorded? current modified time:1772101750000, last modified time: 1772101750000
02-28 13:55:02.324 D/PackageManager( 1303): no need to check whether in the config or not as current abi select file is not newer
02-28 13:55:02.324 I/PackageManager( 1303): Update package www.luuzr.liaoluan code path from /data/app/~~y_SrJZNV8btaiZ-edm_XJA==/www.luuzr.liaoluan-Z42vduGsFGtfmJJUvuc5JQ== to /data/app/~~8hH_QFt6Xb92BqwBTww1EA==/www.luuzr.liaoluan-Ve_fy2Tki9vEaMTjzOI2_Q==; Retain data and using new
02-28 13:55:02.327 I/PackageManager( 1303): Permission ownership changed. Updating all permissions.
02-28 13:55:02.334 D/PackageSettings( 1303): save abi select file last modified time: 1772101750000
02-28 13:55:02.344 I/ActivityManager( 1303): Force stopping www.luuzr.liaoluan appid=10041 user=-1: installPackageLI
02-28 13:55:02.346 W/StorageManagerService( 1303): Reporting emulated;0 unmounted due to system locked
02-28 13:55:02.354 D/CompatibilityChangeReporter( 1303): Compat change id reported: 181136395; UID 10017; state: DISABLED
02-28 13:55:02.354 D/CompatibilityChangeReporter( 1303): Compat change id reported: 174042936; UID 10017; state: DISABLED
02-28 13:55:02.388 D/CompatibilityChangeReporter( 1303): Compat change id reported: 182478738; UID 10034; state: ENABLED
02-28 13:55:02.407 W/BroadcastQueue( 1303): Permission Denial: receiving Intent { act=android.intent.action.SERVICE_STATE flg=0x1000010 (has extras) } to ProcessRecord{e262c31 1484:com.android.systemui/u0a34} (pid=1484, uid=10034) requires android.permission.READ_PHONE_STATE due to sender android (uid 1001)
02-28 13:55:02.407 W/ContextImpl( 1303): Calling a method in the system process without a qualified user: android.app.ContextImpl.sendBroadcastMultiplePermissions:1264 com.android.server.TelephonyRegistry.broadcastServiceStateChanged:2909 com.android.server.TelephonyRegistry.notifyServiceStateForPhoneId:1613 com.android.internal.telephony.ITelephonyRegistry$Stub.onTransact:455 android.os.Binder.execTransactInternal:1179 
02-28 13:55:02.407 W/BroadcastQueue( 1303): Permission Denial: receiving Intent { act=android.intent.action.SERVICE_STATE flg=0x1000010 (has extras) } to ProcessRecord{fe5f3e1 2326:com.android.phone/1001} (pid=2326, uid=1001) requires android.permission.READ_PHONE_STATE due to sender android (uid 1001)
02-28 13:55:02.412 D/CompatibilityChangeReporter( 1303): Compat change id reported: 168419799; UID 1000; state: DISABLED
02-28 13:55:02.417 D/CompatibilityChangeReporter( 1303): Compat change id reported: 157233955; UID 1001; state: ENABLED
02-28 13:55:02.417 W/ContextImpl( 2045): Calling a method in the system process without a qualified user: android.app.ContextImpl.sendBroadcast:1181 android.content.ContextWrapper.sendBroadcast:479 Q0.c.a:95 com.mumu.store.widget.manager.k.e0:140 com.mumu.store.widget.manager.k.f0:10 
02-28 13:55:02.420 W/ContextImpl( 2045): Calling a method in the system process without a qualified user: android.app.ContextImpl.startForegroundService:1830 android.content.ContextWrapper.startForegroundService:779 android.content.ContextWrapper.startForegroundService:779 androidx.media3.common.util.m.a:1 fake.com.android.providers.downloads.DownloadReceiver.h:14 
02-28 13:55:02.423 D/CompatibilityChangeReporter( 1303): Compat change id reported: 135634846; UID 10047; state: DISABLED
02-28 13:55:02.424 D/CompatibilityChangeReporter( 1303): Compat change id reported: 143937733; UID 10047; state: ENABLED
02-28 13:55:02.430 I/ActivityManager( 1303): Start proc 2519:www.luzzr.liushui/u0a47 for broadcast {www.luzzr.liushui/androidx.work.impl.background.systemalarm.RescheduleReceiver}
